Archive member included because of file (symbol)

c:/program files (x86)/gnu tools arm embedded/4.9 2015q3/bin/../lib/gcc/arm-none-eabi/4.9.3/../../../../arm-none-eabi/lib/armv7-m\libm.a(lib_a-sf_cos.o)
                              obj/SKYROVER/gps.o (cosf)
c:/program files (x86)/gnu tools arm embedded/4.9 2015q3/bin/../lib/gcc/arm-none-eabi/4.9.3/../../../../arm-none-eabi/lib/armv7-m\libm.a(lib_a-sf_lrint.o)
                              obj/SKYROVER/imu.o (lrintf)
c:/program files (x86)/gnu tools arm embedded/4.9 2015q3/bin/../lib/gcc/arm-none-eabi/4.9.3/../../../../arm-none-eabi/lib/armv7-m\libm.a(lib_a-sf_sin.o)
                              obj/SKYROVER/gps.o (sinf)
c:/program files (x86)/gnu tools arm embedded/4.9 2015q3/bin/../lib/gcc/arm-none-eabi/4.9.3/../../../../arm-none-eabi/lib/armv7-m\libm.a(lib_a-wf_atan2.o)
                              obj/SKYROVER/gps.o (atan2f)
c:/program files (x86)/gnu tools arm embedded/4.9 2015q3/bin/../lib/gcc/arm-none-eabi/4.9.3/../../../../arm-none-eabi/lib/armv7-m\libm.a(lib_a-wf_pow.o)
                              obj/SKYROVER/imu.o (powf)
c:/program files (x86)/gnu tools arm embedded/4.9 2015q3/bin/../lib/gcc/arm-none-eabi/4.9.3/../../../../arm-none-eabi/lib/armv7-m\libm.a(lib_a-wf_sqrt.o)
                              obj/SKYROVER/gps.o (sqrtf)
c:/program files (x86)/gnu tools arm embedded/4.9 2015q3/bin/../lib/gcc/arm-none-eabi/4.9.3/../../../../arm-none-eabi/lib/armv7-m\libm.a(lib_a-ef_atan2.o)
                              c:/program files (x86)/gnu tools arm embedded/4.9 2015q3/bin/../lib/gcc/arm-none-eabi/4.9.3/../../../../arm-none-eabi/lib/armv7-m\libm.a(lib_a-wf_atan2.o) (__ieee754_atan2f)
c:/program files (x86)/gnu tools arm embedded/4.9 2015q3/bin/../lib/gcc/arm-none-eabi/4.9.3/../../../../arm-none-eabi/lib/armv7-m\libm.a(lib_a-ef_pow.o)
                              c:/program files (x86)/gnu tools arm embedded/4.9 2015q3/bin/../lib/gcc/arm-none-eabi/4.9.3/../../../../arm-none-eabi/lib/armv7-m\libm.a(lib_a-wf_pow.o) (__ieee754_powf)
c:/program files (x86)/gnu tools arm embedded/4.9 2015q3/bin/../lib/gcc/arm-none-eabi/4.9.3/../../../../arm-none-eabi/lib/armv7-m\libm.a(lib_a-ef_rem_pio2.o)
                              c:/program files (x86)/gnu tools arm embedded/4.9 2015q3/bin/../lib/gcc/arm-none-eabi/4.9.3/../../../../arm-none-eabi/lib/armv7-m\libm.a(lib_a-sf_cos.o) (__ieee754_rem_pio2f)
c:/program files (x86)/gnu tools arm embedded/4.9 2015q3/bin/../lib/gcc/arm-none-eabi/4.9.3/../../../../arm-none-eabi/lib/armv7-m\libm.a(lib_a-ef_sqrt.o)
                              c:/program files (x86)/gnu tools arm embedded/4.9 2015q3/bin/../lib/gcc/arm-none-eabi/4.9.3/../../../../arm-none-eabi/lib/armv7-m\libm.a(lib_a-wf_sqrt.o) (__ieee754_sqrtf)
c:/program files (x86)/gnu tools arm embedded/4.9 2015q3/bin/../lib/gcc/arm-none-eabi/4.9.3/../../../../arm-none-eabi/lib/armv7-m\libm.a(lib_a-kf_cos.o)
                              c:/program files (x86)/gnu tools arm embedded/4.9 2015q3/bin/../lib/gcc/arm-none-eabi/4.9.3/../../../../arm-none-eabi/lib/armv7-m\libm.a(lib_a-sf_cos.o) (__kernel_cosf)
c:/program files (x86)/gnu tools arm embedded/4.9 2015q3/bin/../lib/gcc/arm-none-eabi/4.9.3/../../../../arm-none-eabi/lib/armv7-m\libm.a(lib_a-kf_rem_pio2.o)
                              c:/program files (x86)/gnu tools arm embedded/4.9 2015q3/bin/../lib/gcc/arm-none-eabi/4.9.3/../../../../arm-none-eabi/lib/armv7-m\libm.a(lib_a-ef_rem_pio2.o) (__kernel_rem_pio2f)
c:/program files (x86)/gnu tools arm embedded/4.9 2015q3/bin/../lib/gcc/arm-none-eabi/4.9.3/../../../../arm-none-eabi/lib/armv7-m\libm.a(lib_a-kf_sin.o)
                              c:/program files (x86)/gnu tools arm embedded/4.9 2015q3/bin/../lib/gcc/arm-none-eabi/4.9.3/../../../../arm-none-eabi/lib/armv7-m\libm.a(lib_a-sf_cos.o) (__kernel_sinf)
c:/program files (x86)/gnu tools arm embedded/4.9 2015q3/bin/../lib/gcc/arm-none-eabi/4.9.3/../../../../arm-none-eabi/lib/armv7-m\libm.a(lib_a-s_lib_ver.o)
                              c:/program files (x86)/gnu tools arm embedded/4.9 2015q3/bin/../lib/gcc/arm-none-eabi/4.9.3/../../../../arm-none-eabi/lib/armv7-m\libm.a(lib_a-wf_pow.o) (__fdlib_version)
c:/program files (x86)/gnu tools arm embedded/4.9 2015q3/bin/../lib/gcc/arm-none-eabi/4.9.3/../../../../arm-none-eabi/lib/armv7-m\libm.a(lib_a-s_matherr.o)
                              c:/program files (x86)/gnu tools arm embedded/4.9 2015q3/bin/../lib/gcc/arm-none-eabi/4.9.3/../../../../arm-none-eabi/lib/armv7-m\libm.a(lib_a-wf_pow.o) (matherr)
c:/program files (x86)/gnu tools arm embedded/4.9 2015q3/bin/../lib/gcc/arm-none-eabi/4.9.3/../../../../arm-none-eabi/lib/armv7-m\libm.a(lib_a-s_rint.o)
                              c:/program files (x86)/gnu tools arm embedded/4.9 2015q3/bin/../lib/gcc/arm-none-eabi/4.9.3/../../../../arm-none-eabi/lib/armv7-m\libm.a(lib_a-wf_pow.o) (rint)
[...]
Memory Configuration

Name             Origin             Length             Attributes
FLASH            0x08003000         0x0001cc00         xr
RAM              0x20000000         0x00005000         xrw
MEMORY_B1        0x60000000         0x00000000         xr
*default*        0x00000000         0xffffffff

Linker script and memory map

LOAD c:/program files (x86)/gnu tools arm embedded/4.9 2015q3/bin/../lib/gcc/arm-none-eabi/4.9.3/armv7-m/crti.o
LOAD c:/program files (x86)/gnu tools arm embedded/4.9 2015q3/bin/../lib/gcc/arm-none-eabi/4.9.3/armv7-m/crtbegin.o
LOAD c:/program files (x86)/gnu tools arm embedded/4.9 2015q3/bin/../lib/gcc/arm-none-eabi/4.9.3/../../../../arm-none-eabi/lib/armv7-m/crt0.o
LOAD obj/SKYROVER/drv_adc.o
LOAD obj/SKYROVER/drv_adxl345.o
LOAD obj/SKYROVER/drv_bma280.o
LOAD obj/SKYROVER/drv_bmp085.o
LOAD obj/SKYROVER/drv_ms5611.o
LOAD obj/SKYROVER/drv_hcsr04.o
LOAD obj/SKYROVER/drv_hmc5883l.o
LOAD obj/SKYROVER/drv_ledring.o
LOAD obj/SKYROVER/drv_mma845x.o
LOAD obj/SKYROVER/drv_mpu3050.o
LOAD obj/SKYROVER/drv_mpu6050.o
LOAD obj/SKYROVER/drv_l3g4200d.o
LOAD obj/SKYROVER/drv_pwm.o
LOAD obj/SKYROVER/drv_spi.o
LOAD obj/SKYROVER/drv_timer.o
LOAD obj/SKYROVER/hexairbot.o
LOAD obj/SKYROVER/startup_stm32f10x_md_gcc.o
LOAD obj/SKYROVER/buzzer.o
LOAD obj/SKYROVER/cli.o
LOAD obj/SKYROVER/config.o
LOAD obj/SKYROVER/gps.o
LOAD obj/SKYROVER/imu.o
LOAD obj/SKYROVER/main.o
LOAD obj/SKYROVER/mixer.o
LOAD obj/SKYROVER/mw.o
LOAD obj/SKYROVER/sensors.o
LOAD obj/SKYROVER/serial.o
LOAD obj/SKYROVER/sbus.o
LOAD obj/SKYROVER/sumd.o
LOAD obj/SKYROVER/spektrum.o
LOAD obj/SKYROVER/telemetry.o
LOAD obj/SKYROVER/drv_gpio.o
LOAD obj/SKYROVER/drv_i2c.o
LOAD obj/SKYROVER/drv_i2c_soft.o
LOAD obj/SKYROVER/drv_system.o
LOAD obj/SKYROVER/drv_serial.o
LOAD obj/SKYROVER/drv_softserial.o
LOAD obj/SKYROVER/drv_uart.o
LOAD obj/SKYROVER/drv_vcom.o
LOAD obj/SKYROVER/drv_vcom_q.o
LOAD obj/SKYROVER/drv_u8g.o
LOAD obj/SKYROVER/printf.o
LOAD obj/SKYROVER/utils.o
LOAD obj/SKYROVER/system_stm32f10x.o
LOAD obj/SKYROVER/misc.o
LOAD obj/SKYROVER/stm32f10x_adc.o
LOAD obj/SKYROVER/stm32f10x_bkp.o
LOAD obj/SKYROVER/stm32f10x_can.o
LOAD obj/SKYROVER/stm32f10x_cec.o
LOAD obj/SKYROVER/stm32f10x_crc.o
LOAD obj/SKYROVER/stm32f10x_dac.o
LOAD obj/SKYROVER/stm32f10x_dbgmcu.o
LOAD obj/SKYROVER/stm32f10x_dma.o
LOAD obj/SKYROVER/stm32f10x_exti.o
LOAD obj/SKYROVER/stm32f10x_flash.o
LOAD obj/SKYROVER/stm32f10x_fsmc.o
LOAD obj/SKYROVER/stm32f10x_gpio.o
LOAD obj/SKYROVER/stm32f10x_i2c.o
LOAD obj/SKYROVER/stm32f10x_iwdg.o
LOAD obj/SKYROVER/stm32f10x_pwr.o
LOAD obj/SKYROVER/stm32f10x_rcc.o
LOAD obj/SKYROVER/stm32f10x_rtc.o
LOAD obj/SKYROVER/stm32f10x_sdio.o
LOAD obj/SKYROVER/stm32f10x_spi.o
LOAD obj/SKYROVER/stm32f10x_tim.o
LOAD obj/SKYROVER/stm32f10x_usart.o
LOAD obj/SKYROVER/stm32f10x_wwdg.o
LOAD obj/SKYROVER/croutine.o
LOAD obj/SKYROVER/list.o
LOAD obj/SKYROVER/queue.o
LOAD obj/SKYROVER/tasks.o
LOAD obj/SKYROVER/timers.o
LOAD obj/SKYROVER/cmsis_os.o
LOAD obj/SKYROVER/heap_2.o
LOAD obj/SKYROVER/port.o
LOAD obj/SKYROVER/usb_core.o
LOAD obj/SKYROVER/usb_init.o
LOAD obj/SKYROVER/usb_int.o
LOAD obj/SKYROVER/usb_mem.o
LOAD obj/SKYROVER/usb_regs.o
LOAD obj/SKYROVER/usb_sil.o
LOAD obj/SKYROVER/hw_config.o
LOAD obj/SKYROVER/usb_desc.o
LOAD obj/SKYROVER/usb_endp.o
LOAD obj/SKYROVER/usb_istr.o
LOAD obj/SKYROVER/usb_prop.o
LOAD obj/SKYROVER/usb_pwr.o
LOAD obj/SKYROVER/thread_lcd.o
LOAD obj/SKYROVER/thread_main.o
LOAD obj/SKYROVER/thread_menu.o
LOAD obj/SKYROVER/thread_mw.o
LOAD obj/SKYROVER/chessengine.o
LOAD obj/SKYROVER/u8g_bitmap.o
LOAD obj/SKYROVER/u8g_circle.o
LOAD obj/SKYROVER/u8g_clip.o
LOAD obj/SKYROVER/u8g_com_api.o
LOAD obj/SKYROVER/u8g_com_api_16gr.o
LOAD obj/SKYROVER/u8g_com_i2c.o
LOAD obj/SKYROVER/u8g_com_io.o
LOAD obj/SKYROVER/u8g_com_null.o
LOAD obj/SKYROVER/u8g_cursor.o
LOAD obj/SKYROVER/u8g_delay.o
LOAD obj/SKYROVER/u8g_dev_a2_micro_printer.o
LOAD obj/SKYROVER/u8g_dev_flipdisc_2x7.o
LOAD obj/SKYROVER/u8g_dev_gprof.o
LOAD obj/SKYROVER/u8g_dev_ht1632.o
LOAD obj/SKYROVER/u8g_dev_ili9325d_320x240.o
LOAD obj/SKYROVER/u8g_dev_ks0108_128x64.o
LOAD obj/SKYROVER/u8g_dev_lc7981_160x80.o
LOAD obj/SKYROVER/u8g_dev_lc7981_240x128.o
LOAD obj/SKYROVER/u8g_dev_lc7981_240x64.o
LOAD obj/SKYROVER/u8g_dev_lc7981_320x64.o
LOAD obj/SKYROVER/u8g_dev_ld7032_60x32.o
LOAD obj/SKYROVER/u8g_dev_null.o
LOAD obj/SKYROVER/u8g_dev_pcd8544_84x48.o
LOAD obj/SKYROVER/u8g_dev_pcf8812_96x65.o
LOAD obj/SKYROVER/u8g_dev_sbn1661_122x32.o
LOAD obj/SKYROVER/u8g_dev_ssd1306_128x32.o
LOAD obj/SKYROVER/u8g_dev_ssd1306_128x64.o
LOAD obj/SKYROVER/u8g_dev_ssd1309_128x64.o
LOAD obj/SKYROVER/u8g_dev_ssd1322_nhd31oled_bw.o
LOAD obj/SKYROVER/u8g_dev_ssd1322_nhd31oled_gr.o
LOAD obj/SKYROVER/u8g_dev_ssd1325_nhd27oled_bw.o
LOAD obj/SKYROVER/u8g_dev_ssd1325_nhd27oled_bw_new.o
LOAD obj/SKYROVER/u8g_dev_ssd1325_nhd27oled_gr.o
LOAD obj/SKYROVER/u8g_dev_ssd1325_nhd27oled_gr_new.o
LOAD obj/SKYROVER/u8g_dev_ssd1327_96x96_gr.o
LOAD obj/SKYROVER/u8g_dev_ssd1351_128x128.o
LOAD obj/SKYROVER/u8g_dev_st7565_64128n.o
LOAD obj/SKYROVER/u8g_dev_st7565_dogm128.o
LOAD obj/SKYROVER/u8g_dev_st7565_dogm132.o
LOAD obj/SKYROVER/u8g_dev_st7565_lm6059.o
LOAD obj/SKYROVER/u8g_dev_st7565_lm6063.o
LOAD obj/SKYROVER/u8g_dev_st7565_nhd_c12832.o
LOAD obj/SKYROVER/u8g_dev_st7565_nhd_c12864.o
LOAD obj/SKYROVER/u8g_dev_st7687_c144mvgd.o
LOAD obj/SKYROVER/u8g_dev_st7920_128x64.o
LOAD obj/SKYROVER/u8g_dev_st7920_192x32.o
LOAD obj/SKYROVER/u8g_dev_st7920_202x32.o
LOAD obj/SKYROVER/u8g_dev_t6963_128x128.o
LOAD obj/SKYROVER/u8g_dev_t6963_128x64.o
LOAD obj/SKYROVER/u8g_dev_t6963_240x128.o
LOAD obj/SKYROVER/u8g_dev_t6963_240x64.o
LOAD obj/SKYROVER/u8g_dev_tls8204_84x48.o
LOAD obj/SKYROVER/u8g_dev_uc1601_c128032.o
LOAD obj/SKYROVER/u8g_dev_uc1608_240x64.o
LOAD obj/SKYROVER/u8g_dev_uc1610_dogxl160.o
LOAD obj/SKYROVER/u8g_dev_uc1701_dogs102.o
LOAD obj/SKYROVER/u8g_dev_uc1701_mini12864.o
LOAD obj/SKYROVER/u8g_ellipse.o
LOAD obj/SKYROVER/u8g_font.o
LOAD obj/SKYROVER/u8g_font_data.o
LOAD obj/SKYROVER/u8g_line.o
LOAD obj/SKYROVER/u8g_ll_api.o
LOAD obj/SKYROVER/u8g_page.o
LOAD obj/SKYROVER/u8g_pb.o
LOAD obj/SKYROVER/u8g_pb14v1.o
LOAD obj/SKYROVER/u8g_pb16h1.o
LOAD obj/SKYROVER/u8g_pb16h2.o
LOAD obj/SKYROVER/u8g_pb16v1.o
LOAD obj/SKYROVER/u8g_pb16v2.o
LOAD obj/SKYROVER/u8g_pb32h1.o
LOAD obj/SKYROVER/u8g_pb8h1.o
LOAD obj/SKYROVER/u8g_pb8h1f.o
LOAD obj/SKYROVER/u8g_pb8h2.o
LOAD obj/SKYROVER/u8g_pb8h8.o
LOAD obj/SKYROVER/u8g_pb8v1.o
LOAD obj/SKYROVER/u8g_pb8v2.o
LOAD obj/SKYROVER/u8g_pbxh16.o
LOAD obj/SKYROVER/u8g_pbxh24.o
LOAD obj/SKYROVER/u8g_polygon.o
LOAD obj/SKYROVER/u8g_rect.o
LOAD obj/SKYROVER/u8g_rot.o
LOAD obj/SKYROVER/u8g_scale.o
LOAD obj/SKYROVER/u8g_state.o
LOAD obj/SKYROVER/u8g_u16toa.o
LOAD obj/SKYROVER/u8g_u8toa.o
LOAD obj/SKYROVER/u8g_virtual_screen.o
LOAD c:/program files (x86)/gnu tools arm embedded/4.9 2015q3/bin/../lib/gcc/arm-none-eabi/4.9.3/../../../../arm-none-eabi/lib/armv7-m\libm.a
START GROUP
LOAD c:/program files (x86)/gnu tools arm embedded/4.9 2015q3/bin/../lib/gcc/arm-none-eabi/4.9.3/armv7-m\libgcc.a
LOAD c:/program files (x86)/gnu tools arm embedded/4.9 2015q3/bin/../lib/gcc/arm-none-eabi/4.9.3/../../../../arm-none-eabi/lib/armv7-m\libc.a
END GROUP
LOAD c:/program files (x86)/gnu tools arm embedded/4.9 2015q3/bin/../lib/gcc/arm-none-eabi/4.9.3/armv7-m/crtend.o
LOAD c:/program files (x86)/gnu tools arm embedded/4.9 2015q3/bin/../lib/gcc/arm-none-eabi/4.9.3/armv7-m/crtn.o
                0x20005000                _estack = 0x20005000
                0x00000000                _Min_Heap_Size = 0x0
                0x00000400                _Min_Stack_Size = 0x400

.isr_vector     0x08003000      0x10c
                0x08003000                . = ALIGN (0x4)
 *(.isr_vector)
 .isr_vector    0x08003000      0x10c obj/SKYROVER/startup_stm32f10x_md_gcc.o
                0x08003000                g_pfnVectors
                0x0800310c                . = ALIGN (0x4)

.text           0x08003110    0x180ac
                0x08003110                . = ALIGN (0x4)
 *(.text)
 .text          0x08003110       0x5c c:/program files (x86)/gnu tools arm embedded/4.9 2015q3/bin/../lib/gcc/arm-none-eabi/4.9.3/armv7-m/crtbegin.o
 .text          0x0800316c      0x370 c:/program files (x86)/gnu tools arm embedded/4.9 2015q3/bin/../lib/gcc/arm-none-eabi/4.9.3/armv7-m\libgcc.a(_arm_addsubdf3.o)
                0x0800316c                __aeabi_drsub
                0x08003174                __aeabi_dsub
                0x08003174                __subdf3
                0x08003178                __aeabi_dadd
                0x08003178                __adddf3
                0x080033f0                __floatunsidf
                0x080033f0                __aeabi_ui2d
                0x08003410                __floatsidf
                0x08003410                __aeabi_i2d
                0x08003434                __aeabi_f2d
                0x08003434                __extendsfdf2
                0x08003470                __floatundidf
                0x08003470                __aeabi_ul2d
                0x08003480                __floatdidf
                0x08003480                __aeabi_l2d
 .text          0x080034dc      0x424 c:/program files (x86)/gnu tools arm embedded/4.9 2015q3/bin/../lib/gcc/arm-none-eabi/4.9.3/armv7-m\libgcc.a(_arm_muldivdf3.o)
                0x080034dc                __aeabi_dmul
                0x080034dc                __muldf3
                0x08003730                __divdf3
                0x08003730                __aeabi_ddiv
 .text          0x08003900      0x110 c:/program files (x86)/gnu tools arm embedded/4.9 2015q3/bin/../lib/gcc/arm-none-eabi/4.9.3/armv7-m\libgcc.a(_arm_cmpdf2.o)
                0x08003900                __gtdf2
                0x08003900                __gedf2
                0x08003908                __ltdf2
                0x08003908                __ledf2
                0x08003910                __nedf2
                0x08003910                __eqdf2
                0x08003910                __cmpdf2
                0x0800398c                __aeabi_cdrcmple
                0x0800399c                __aeabi_cdcmpeq
                0x0800399c                __aeabi_cdcmple
                0x080039ac                __aeabi_dcmpeq
                0x080039c0                __aeabi_dcmplt
                0x080039d4                __aeabi_dcmple
                0x080039e8                __aeabi_dcmpge
                0x080039fc                __aeabi_dcmpgt
 .text          0x08003a10       0xa0 c:/program files (x86)/gnu tools arm embedded/4.9 2015q3/bin/../lib/gcc/arm-none-eabi/4.9.3/armv7-m\libgcc.a(_arm_truncdfsf2.o)
                0x08003a10                __truncdfsf2
                0x08003a10                __aeabi_d2f
 .text          0x08003ab0      0x21c c:/program files (x86)/gnu tools arm embedded/4.9 2015q3/bin/../lib/gcc/arm-none-eabi/4.9.3/armv7-m\libgcc.a(_arm_addsubsf3.o)
                0x08003ab0                __aeabi_frsub
                0x08003ab8                __subsf3
                0x08003ab8                __aeabi_fsub
                0x08003abc                __aeabi_fadd
                0x08003abc                __addsf3
                0x08003c1c                __aeabi_ui2f
                0x08003c1c                __floatunsisf
                0x08003c24                __aeabi_i2f
                0x08003c24                __floatsisf
                0x08003c40                __aeabi_ul2f
                0x08003c40                __floatundisf
                0x08003c50                __aeabi_l2f
                0x08003c50                __floatdisf
 .text          0x08003ccc      0x2a0 c:/program files (x86)/gnu tools arm embedded/4.9 2015q3/bin/../lib/gcc/arm-none-eabi/4.9.3/armv7-m\libgcc.a(_arm_muldivsf3.o)
                0x08003ccc                __mulsf3
                0x08003ccc                __aeabi_fmul
                0x08003e34                __aeabi_fdiv
                0x08003e34                __divsf3
 .text          0x08003f6c       0xec c:/program files (x86)/gnu tools arm embedded/4.9 2015q3/bin/../lib/gcc/arm-none-eabi/4.9.3/armv7-m\libgcc.a(_arm_cmpsf2.o)
                0x08003f6c                __gesf2
                0x08003f6c                __gtsf2
                0x08003f74                __lesf2
                0x08003f74                __ltsf2
                0x08003f7c                __nesf2
                0x08003f7c                __eqsf2
                0x08003f7c                __cmpsf2
                0x08003fdc                __aeabi_cfrcmple
                0x08003fe4                __aeabi_cfcmpeq
                0x08003fe4                __aeabi_cfcmple
                0x08003ff4                __aeabi_fcmpeq
                0x08004008                __aeabi_fcmplt
                0x0800401c                __aeabi_fcmple
                0x08004030                __aeabi_fcmpge
                0x08004044                __aeabi_fcmpgt
 .text          0x08004058       0x4c c:/program files (x86)/gnu tools arm embedded/4.9 2015q3/bin/../lib/gcc/arm-none-eabi/4.9.3/armv7-m\libgcc.a(_arm_fixsfsi.o)
                0x08004058                __aeabi_f2iz
                0x08004058                __fixsfsi
 .text          0x080040a4       0x40 c:/program files (x86)/gnu tools arm embedded/4.9 2015q3/bin/../lib/gcc/arm-none-eabi/4.9.3/armv7-m\libgcc.a(_arm_fixunssfsi.o)
                0x080040a4                __fixunssfsi
                0x080040a4                __aeabi_f2uiz
 .text          0x080040e4       0xec c:/program files (x86)/gnu tools arm embedded/4.9 2015q3/bin/../lib/gcc/arm-none-eabi/4.9.3/../../../../arm-none-eabi/lib/armv7-m\libc.a(lib_a-memcpy.o)
                0x080040e4                memcpy
 *(.text*)
 .text.adcInit  0x080041d0       0xf0 obj/SKYROVER/drv_adc.o
                0x080041d0                adcInit
 .text.adcGetChannel
                0x080042c0       0x10 obj/SKYROVER/drv_adc.o
                0x080042c0                adcGetChannel
 .text.adxl345Read
                0x080042d0       0xe0 obj/SKYROVER/drv_adxl345.o
 .text.adxl345Init
                0x080043b0       0x64 obj/SKYROVER/drv_adxl345.o
 .text.adxl345Detect
                0x08004414       0x5c obj/SKYROVER/drv_adxl345.o
                0x08004414                adxl345Detect
 .text.bma280Read
                0x08004470       0x5c obj/SKYROVER/drv_bma280.o
 .text.bma280Init
                0x080044cc       0x30 obj/SKYROVER/drv_bma280.o
 .text.bma280Detect
                0x080044fc       0x3c obj/SKYROVER/drv_bma280.o
                0x080044fc                bma280Detect
 .text.bmp085_calculate
                0x08004538       0xdc obj/SKYROVER/drv_bmp085.o
 .text.bmp085_get_up
                0x08004614       0x58 obj/SKYROVER/drv_bmp085.o
 .text.bmp085_get_ut
                0x0800466c       0x40 obj/SKYROVER/drv_bmp085.o
 .text.bmp085_start_up
                0x080046ac       0x24 obj/SKYROVER/drv_bmp085.o
 .text.bmp085_start_ut
                0x080046d0       0x14 obj/SKYROVER/drv_bmp085.o
 .text.EXTI15_10_IRQHandler
                0x080046e4       0x24 obj/SKYROVER/drv_bmp085.o
                0x080046e4                EXTI15_10_IRQHandler
 .text.bmp085Detect
                0x08004708      0x1dc obj/SKYROVER/drv_bmp085.o
                0x08004708                bmp085Detect
 .text.ms5611_calculate
                0x080048e4      0x148 obj/SKYROVER/drv_ms5611.o
 .text.ms5611_read_adc
                0x08004a2c       0x28 obj/SKYROVER/drv_ms5611.o
 .text.ms5611_get_up
                0x08004a54       0x10 obj/SKYROVER/drv_ms5611.o
 .text.ms5611_get_ut
                0x08004a64       0x10 obj/SKYROVER/drv_ms5611.o
 .text.ms5611_start_up
                0x08004a74        0xa obj/SKYROVER/drv_ms5611.o
 .text.ms5611_start_ut
                0x08004a7e        0xa obj/SKYROVER/drv_ms5611.o
 .text.ms5611Detect
                0x08004a88      0x13c obj/SKYROVER/drv_ms5611.o
                0x08004a88                ms5611Detect
 .text.hmc5883lDetect
                0x08004bc4       0x38 obj/SKYROVER/drv_hmc5883l.o
                0x08004bc4                hmc5883lDetect
 .text.hmc5883lRead
                0x08004bfc       0x8c obj/SKYROVER/drv_hmc5883l.o
                0x08004bfc                hmc5883lRead
 .text.hmc5883lInit
                0x08004c88      0x1b4 obj/SKYROVER/drv_hmc5883l.o
                0x08004c88                hmc5883lInit
 .text.mma8452Read
                0x08004e3c       0x70 obj/SKYROVER/drv_mma845x.o
 .text.mma8452Init
                0x08004eac       0x90 obj/SKYROVER/drv_mma845x.o
 .text.mma8452Detect
                0x08004f3c       0x5c obj/SKYROVER/drv_mma845x.o
                0x08004f3c                mma8452Detect
 .text.mpu3050ReadTemp
                0x08004f98       0x32 obj/SKYROVER/drv_mpu3050.o
 *fill*         0x08004fca        0x2 
 .text.mpu3050Read
                0x08004fcc       0x68 obj/SKYROVER/drv_mpu3050.o
 .text.mpu3050Init
                0x08005034       0x5c obj/SKYROVER/drv_mpu3050.o
 .text.mpu3050Detect
                0x08005090       0x78 obj/SKYROVER/drv_mpu3050.o
                0x08005090                mpu3050Detect
 .text.mpu6050AccInit
                0x08005108       0x28 obj/SKYROVER/drv_mpu6050.o
 .text.mpu6050GyroRead
                0x08005130       0x68 obj/SKYROVER/drv_mpu6050.o
 .text.mpu6050AccRead
                0x08005198       0x54 obj/SKYROVER/drv_mpu6050.o
 .text.mpu6050GyroInit
                0x080051ec       0xa8 obj/SKYROVER/drv_mpu6050.o
 .text.mpu6050Detect
                0x08005294      0x11c obj/SKYROVER/drv_mpu6050.o
                0x08005294                mpu6050Detect
 .text.l3g4200dRead
                0x080053b0       0x68 obj/SKYROVER/drv_l3g4200d.o
 .text.l3g4200dInit
                0x08005418       0x44 obj/SKYROVER/drv_l3g4200d.o
 .text.l3g4200dDetect
                0x0800545c       0x64 obj/SKYROVER/drv_l3g4200d.o
                0x0800545c                l3g4200dDetect
 .text.pwmWriteBrushed
                0x080054c0       0x24 obj/SKYROVER/drv_pwm.o
 .text.pwmWriteStandard
                0x080054e4       0x10 obj/SKYROVER/drv_pwm.o
 .text.pwmOutConfig
                0x080054f4      0x130 obj/SKYROVER/drv_pwm.o
 .text.ppmCallback
                0x08005624       0x8c obj/SKYROVER/drv_pwm.o
 .text.pwmICConfig
                0x080056b0       0x32 obj/SKYROVER/drv_pwm.o
                0x080056b0                pwmICConfig
 *fill*         0x080056e2        0x2 
 .text.pwmCallback
                0x080056e4       0x5c obj/SKYROVER/drv_pwm.o
 .text.pwmInConfig
                0x08005740       0x64 obj/SKYROVER/drv_pwm.o
 .text.pwmInit  0x080057a4      0x150 obj/SKYROVER/drv_pwm.o
                0x080057a4                pwmInit
 .text.pwmWriteMotor
                0x080058f4       0x18 obj/SKYROVER/drv_pwm.o
                0x080058f4                pwmWriteMotor
 .text.pwmWriteServo
                0x0800590c       0x1c obj/SKYROVER/drv_pwm.o
                0x0800590c                pwmWriteServo
 .text.pwmRead  0x08005928        0xc obj/SKYROVER/drv_pwm.o
                0x08005928                pwmRead
 .text.spiTransfer
                0x08005934       0x54 obj/SKYROVER/drv_spi.o
                0x08005934                spiTransfer
 .text.spiInit  0x08005988       0xf4 obj/SKYROVER/drv_spi.o
                0x08005988                spiInit
 .text.configureTimerChannelCallback
                0x08005a7c       0x48 obj/SKYROVER/drv_timer.o
                0x08005a7c                configureTimerChannelCallback
 .text.configureTimerInputCaptureCompareChannel
                0x08005ac4       0x2c obj/SKYROVER/drv_timer.o
                0x08005ac4                configureTimerInputCaptureCompareChannel
 .text.configureTimerCaptureCompareInterrupt
                0x08005af0       0x1e obj/SKYROVER/drv_timer.o
                0x08005af0                configureTimerCaptureCompareInterrupt
 .text.timerNVICConfig
                0x08005b0e       0x22 obj/SKYROVER/drv_timer.o
                0x08005b0e                timerNVICConfig
 .text.configTimeBase
                0x08005b30       0x48 obj/SKYROVER/drv_timer.o
                0x08005b30                configTimeBase
 .text.timerInConfig
                0x08005b78       0x1c obj/SKYROVER/drv_timer.o
                0x08005b78                timerInConfig
 .text.findTimerConfig
                0x08005b94       0x3c obj/SKYROVER/drv_timer.o
                0x08005b94                findTimerConfig
 .text.timCCxHandler
                0x08005bd0       0xa2 obj/SKYROVER/drv_timer.o
 *fill*         0x08005c72        0x2 
 .text.TIM1_CC_IRQHandler
                0x08005c74        0xc obj/SKYROVER/drv_timer.o
                0x08005c74                TIM1_CC_IRQHandler
 .text.TIM2_IRQHandler
                0x08005c80        0x8 obj/SKYROVER/drv_timer.o
                0x08005c80                TIM2_IRQHandler
 .text.TIM3_IRQHandler
                0x08005c88        0xc obj/SKYROVER/drv_timer.o
                0x08005c88                TIM3_IRQHandler
 .text.TIM4_IRQHandler
                0x08005c94        0xc obj/SKYROVER/drv_timer.o
                0x08005c94                TIM4_IRQHandler
 .text.hexairbotReadRawRC
                0x08005ca0        0xc obj/SKYROVER/hexairbot.o
 .text.hexairbotInit
                0x08005cac       0x18 obj/SKYROVER/hexairbot.o
                0x08005cac                hexairbotInit
 .text.hexairbotSetData
                0x08005cc4       0x1c obj/SKYROVER/hexairbot.o
                0x08005cc4                hexairbotSetData
 .text.hexairbotFrameComplete
                0x08005ce0       0x18 obj/SKYROVER/hexairbot.o
                0x08005ce0                hexairbotFrameComplete
 .text.Reset_Handler
                0x08005cf8       0xa4 obj/SKYROVER/startup_stm32f10x_md_gcc.o
                0x08005cf8                Reset_Handler
 .text.Default_Handler
                0x08005d9c        0x2 obj/SKYROVER/startup_stm32f10x_md_gcc.o
                0x08005d9c                EXTI2_IRQHandler
                0x08005d9c                DebugMon_Handler
                0x08005d9c                PVD_IRQHandler
                0x08005d9c                NMI_Handler
                0x08005d9c                EXTI3_IRQHandler
                0x08005d9c                EXTI0_IRQHandler
                0x08005d9c                UsageFault_Handler
                0x08005d9c                ADC1_2_IRQHandler
                0x08005d9c                SPI1_IRQHandler
                0x08005d9c                TAMPER_IRQHandler
                0x08005d9c                USART3_IRQHandler
                0x08005d9c                RTC_IRQHandler
                0x08005d9c                DMA1_Channel7_IRQHandler
                0x08005d9c                CAN1_RX1_IRQHandler
                0x08005d9c                DMA1_Channel6_IRQHandler
                0x08005d9c                RCC_IRQHandler
                0x08005d9c                TIM1_TRG_COM_IRQHandler
                0x08005d9c                DMA1_Channel1_IRQHandler
                0x08005d9c                Default_Handler
                0x08005d9c                EXTI9_5_IRQHandler
                0x08005d9c                SPI2_IRQHandler
                0x08005d9c                MemManage_Handler
                0x08005d9c                DMA1_Channel5_IRQHandler
                0x08005d9c                EXTI4_IRQHandler
                0x08005d9c                USB_HP_CAN1_TX_IRQHandler
                0x08005d9c                DMA1_Channel3_IRQHandler
                0x08005d9c                TIM1_UP_IRQHandler
                0x08005d9c                WWDG_IRQHandler
                0x08005d9c                TIM1_BRK_IRQHandler
                0x08005d9c                EXTI1_IRQHandler
                0x08005d9c                RTCAlarm_IRQHandler
                0x08005d9c                DMA1_Channel2_IRQHandler
                0x08005d9c                CAN1_SCE_IRQHandler
                0x08005d9c                FLASH_IRQHandler
                0x08005d9c                BusFault_Handler
 *fill*         0x08005d9e        0x2 
 .text.beep     0x08005da0       0x70 obj/SKYROVER/buzzer.o
 .text.beep_code
                0x08005e10       0xa8 obj/SKYROVER/buzzer.o
 .text.buzzer   0x08005eb8      0x128 obj/SKYROVER/buzzer.o
                0x08005eb8                buzzer
 .text.i2a      0x08005fe0       0x28 obj/SKYROVER/cli.o
 .text._atof    0x08006008      0x12c obj/SKYROVER/cli.o
 .text.cliPrint
                0x08006134       0x1c obj/SKYROVER/cli.o
 .text.cliVersion
                0x08006150        0xc obj/SKYROVER/cli.o
 .text.cliHelp  0x0800615c       0x2c obj/SKYROVER/cli.o
 .text.cliStatus
                0x08006188       0xe0 obj/SKYROVER/cli.o
 .text.cliCompare
                0x08006268       0x1a obj/SKYROVER/cli.o
 *fill*         0x08006282        0x2 
 .text.cliSave  0x08006284       0x30 obj/SKYROVER/cli.o
 .text.cliMap   0x080062b4       0xac obj/SKYROVER/cli.o
 .text.cliGpsPassthrough
                0x08006360       0x20 obj/SKYROVER/cli.o
 .text.cliFeature
                0x08006380       0xe8 obj/SKYROVER/cli.o
 .text.cliExit  0x08006468       0x38 obj/SKYROVER/cli.o
 .text.cliDefaults
                0x080064a0       0x2c obj/SKYROVER/cli.o
 .text.cliMixer
                0x080064cc       0xa0 obj/SKYROVER/cli.o
 .text.cliProfile
                0x0800656c       0x4c obj/SKYROVER/cli.o
 .text.cliMotor
                0x080065b8       0xa8 obj/SKYROVER/cli.o
 .text.cliAux   0x08006660       0x64 obj/SKYROVER/cli.o
 .text.itoa     0x080066c4       0x26 obj/SKYROVER/cli.o
                0x080066c4                itoa
 *fill*         0x080066ea        0x2 
 .text.ftoa     0x080066ec       0xd0 obj/SKYROVER/cli.o
 .text.cliPrintVar
                0x080067bc       0xa0 obj/SKYROVER/cli.o
 .text.cliSet   0x0800685c      0x168 obj/SKYROVER/cli.o
 .text.cliDump  0x080069c4      0x1b4 obj/SKYROVER/cli.o
 .text.cliCMix  0x08006b78      0x248 obj/SKYROVER/cli.o
 .text.cliProcess
                0x08006dc0      0x1ec obj/SKYROVER/cli.o
                0x08006dc0                cliProcess
 .text.validEEPROM
                0x08006fac       0x44 obj/SKYROVER/config.o
 .text.parseRcChannels
                0x08006ff0       0x30 obj/SKYROVER/config.o
                0x08006ff0                parseRcChannels
 .text.readEEPROM
                0x08007020      0x114 obj/SKYROVER/config.o
                0x08007020                readEEPROM
 .text.writeEEPROM
                0x08007134       0xcc obj/SKYROVER/config.o
                0x08007134                writeEEPROM
 .text.sensors  0x08007200       0x14 obj/SKYROVER/config.o
                0x08007200                sensors
 .text.sensorsSet
                0x08007214       0x10 obj/SKYROVER/config.o
                0x08007214                sensorsSet
 .text.sensorsClear
                0x08007224       0x10 obj/SKYROVER/config.o
                0x08007224                sensorsClear
 .text.sensorsMask
                0x08007234        0xc obj/SKYROVER/config.o
                0x08007234                sensorsMask
 .text.feature  0x08007240       0x14 obj/SKYROVER/config.o
                0x08007240                feature
 .text.featureSet
                0x08007254       0x10 obj/SKYROVER/config.o
                0x08007254                featureSet
 .text.checkFirstTime
                0x08007264      0x318 obj/SKYROVER/config.o
                0x08007264                checkFirstTime
 .text.featureClear
                0x0800757c       0x10 obj/SKYROVER/config.o
                0x0800757c                featureClear
 .text.featureMask
                0x0800758c        0xc obj/SKYROVER/config.o
                0x0800758c                featureMask
 .text.gpsSetState
                0x08007598       0x18 obj/SKYROVER/gps.o
 .text.GPS_calc_longitude_scaling
                0x080075b0       0x3c obj/SKYROVER/gps.o
 .text.GPS_distance_cm_bearing.isra.3
                0x080075ec       0x84 obj/SKYROVER/gps.o
 .text.get_I.isra.4
                0x08007670       0x4e obj/SKYROVER/gps.o
 *fill*         0x080076be        0x2 
 .text.grab_fields.constprop.7
                0x080076c0       0x3c obj/SKYROVER/gps.o
 .text.gpsInitHardware
                0x080076fc       0xd0 obj/SKYROVER/gps.o
                0x080076fc                gpsInitHardware
 .text.gpsThread
                0x080077cc       0x78 obj/SKYROVER/gps.o
                0x080077cc                gpsThread
 .text.GPS_reset_home_position
                0x08007844       0x48 obj/SKYROVER/gps.o
                0x08007844                GPS_reset_home_position
 .text.GPS_reset_nav
                0x0800788c       0x5c obj/SKYROVER/gps.o
                0x0800788c                GPS_reset_nav
 .text.gpsSetPIDs
                0x080078e8       0xa4 obj/SKYROVER/gps.o
                0x080078e8                gpsSetPIDs
 .text.gpsInit  0x0800798c       0x70 obj/SKYROVER/gps.o
                0x0800798c                gpsInit
 .text.gpsSetPassthrough
                0x080079fc       0x7c obj/SKYROVER/gps.o
                0x080079fc                gpsSetPassthrough
 .text.GPS_set_next_wp
                0x08007a78       0x8c obj/SKYROVER/gps.o
                0x08007a78                GPS_set_next_wp
 .text.wrap_18000
                0x08007b04       0x24 obj/SKYROVER/gps.o
                0x08007b04                wrap_18000
 .text.GPS_coord_to_degrees
                0x08007b28       0xa0 obj/SKYROVER/gps.o
                0x08007b28                GPS_coord_to_degrees
 .text.gpsNewData
                0x08007bc8      0xbc4 obj/SKYROVER/gps.o
 *fill*         0x0800878c        0x4 
 .text.calculateHeading
                0x08008790       0xf8 obj/SKYROVER/imu.o
 .text.imuInit  0x08008888       0x58 obj/SKYROVER/imu.o
                0x08008888                imuInit
 .text.rotateV  0x080088e0      0x170 obj/SKYROVER/imu.o
                0x080088e0                rotateV
 .text.applyDeadband
                0x08008a50       0x1e obj/SKYROVER/imu.o
                0x08008a50                applyDeadband
 *fill*         0x08008a6e        0x2 
 .text.acc_calc
                0x08008a70      0x190 obj/SKYROVER/imu.o
                0x08008a70                acc_calc
 .text.computeIMU
                0x08008c00      0x354 obj/SKYROVER/imu.o
                0x08008c00                computeIMU
 .text.accSum_reset
                0x08008f54       0x20 obj/SKYROVER/imu.o
                0x08008f54                accSum_reset
 .text.getEstimatedAltitude
                0x08008f74      0x378 obj/SKYROVER/imu.o
                0x08008f74                getEstimatedAltitude
 .text._putc    0x080092ec        0xc obj/SKYROVER/main.o
 .text.startup.main
                0x080092f8      0x2cc obj/SKYROVER/main.o
                0x080092f8                main
 .text.HardFault_Handler
                0x080095c4       0x14 obj/SKYROVER/main.o
                0x080095c4                HardFault_Handler
 .text.servoMiddle
                0x080095d8       0x28 obj/SKYROVER/mixer.o
                0x080095d8                servoMiddle
 .text.mixerResetMotors
                0x08009600       0x30 obj/SKYROVER/mixer.o
                0x08009600                mixerResetMotors
 .text.mixerInit
                0x08009630      0x118 obj/SKYROVER/mixer.o
                0x08009630                mixerInit
 .text.mixerLoadMix
                0x08009748       0x50 obj/SKYROVER/mixer.o
                0x08009748                mixerLoadMix
 .text.writeMotors
                0x08009798       0x28 obj/SKYROVER/mixer.o
                0x08009798                writeMotors
 .text.writeAllMotors
                0x080097c0       0x24 obj/SKYROVER/mixer.o
                0x080097c0                writeAllMotors
 .text.mixTable
                0x080097e4      0x644 obj/SKYROVER/mixer.o
                0x080097e4                mixTable
 .text.pidPrimary
                0x08009e28        0xc obj/SKYROVER/mw.o
                0x08009e28                pidPrimary
 .text.fixedPID
                0x08009e34       0x10 obj/SKYROVER/mw.o
                0x08009e34                fixedPID
 .text.pidGyrorate
                0x08009e44       0x44 obj/SKYROVER/mw.o
 .text.pidMultiWii
                0x08009e88      0x22c obj/SKYROVER/mw.o
 .text.pidRewrite
                0x0800a0b4      0x164 obj/SKYROVER/mw.o
 .text.blinkLED
                0x0800a218       0x48 obj/SKYROVER/mw.o
                0x0800a218                blinkLED
 .text.annexCode
                0x0800a260      0x404 obj/SKYROVER/mw.o
                0x0800a260                annexCode
 .text.pwmReadRawRC
                0x0800a664       0x28 obj/SKYROVER/mw.o
                0x0800a664                pwmReadRawRC
 .text.computeRC
                0x0800a68c       0xb8 obj/SKYROVER/mw.o
                0x0800a68c                computeRC
 .text.mwArm    0x0800a744       0x40 obj/SKYROVER/mw.o
                0x0800a744                mwArm
 .text.mwDisarm
                0x0800a784       0x10 obj/SKYROVER/mw.o
                0x0800a784                mwDisarm
 .text.axisPIDset
                0x0800a794       0x2c obj/SKYROVER/mw.o
                0x0800a794                axisPIDset
 .text.flipStateMachine
                0x0800a7c0       0x18 obj/SKYROVER/mw.o
                0x0800a7c0                flipStateMachine
 .text.flipFlagControl
                0x0800a7d8        0xc obj/SKYROVER/mw.o
                0x0800a7d8                flipFlagControl
 .text.gotoFlip
                0x0800a7e4       0x14 obj/SKYROVER/mw.o
                0x0800a7e4                gotoFlip
 .text.timePassed
                0x0800a7f8       0x1c obj/SKYROVER/mw.o
                0x0800a7f8                timePassed
 .text.flipStepScheduler
                0x0800a814       0x78 obj/SKYROVER/mw.o
                0x0800a814                flipStepScheduler
 .text.logFlagControl
                0x0800a88c        0xc obj/SKYROVER/mw.o
                0x0800a88c                logFlagControl
 .text.setPIDController
                0x0800a898       0x1c obj/SKYROVER/mw.o
                0x0800a898                setPIDController
 .text.loop     0x0800a8b4      0xabc obj/SKYROVER/mw.o
                0x0800a8b4                loop
 .text.sensorsAutodetect
                0x0800b370      0x1cc obj/SKYROVER/sensors.o
                0x0800b370                sensorsAutodetect
 .text.batteryAdcToVoltage
                0x0800b53c       0x3c obj/SKYROVER/sensors.o
                0x0800b53c                batteryAdcToVoltage
 .text.batteryInit
                0x0800b578       0x54 obj/SKYROVER/sensors.o
                0x0800b578                batteryInit
 .text.ACC_getADC
                0x0800b5cc      0x1e4 obj/SKYROVER/sensors.o
                0x0800b5cc                ACC_getADC
 .text.Baro_Common
                0x0800b7b0       0x44 obj/SKYROVER/sensors.o
                0x0800b7b0                Baro_Common
 .text.Baro_update
                0x0800b7f4       0x70 obj/SKYROVER/sensors.o
                0x0800b7f4                Baro_update
 .text.Gyro_getADC
                0x0800b864      0x19c obj/SKYROVER/sensors.o
                0x0800b864                Gyro_getADC
 .text.Mag_init
                0x0800ba00       0x20 obj/SKYROVER/sensors.o
                0x0800ba00                Mag_init
 .text.Mag_getADC
                0x0800ba20      0x124 obj/SKYROVER/sensors.o
                0x0800ba20                Mag_getADC
 .text.serialize32
                0x0800bb44       0x64 obj/SKYROVER/serial.o
                0x0800bb44                serialize32
 .text.serialize16
                0x0800bba8       0x40 obj/SKYROVER/serial.o
                0x0800bba8                serialize16
 .text.serialize8
                0x0800bbe8       0x20 obj/SKYROVER/serial.o
                0x0800bbe8                serialize8
 .text.read8    0x0800bc08       0x18 obj/SKYROVER/serial.o
                0x0800bc08                read8
 .text.read16   0x0800bc20       0x14 obj/SKYROVER/serial.o
                0x0800bc20                read16
 .text.read32   0x0800bc34       0x12 obj/SKYROVER/serial.o
                0x0800bc34                read32
 *fill*         0x0800bc46        0x2 
 .text.headSerialResponse
                0x0800bc48       0x40 obj/SKYROVER/serial.o
                0x0800bc48                headSerialResponse
 .text.headSerialReply
                0x0800bc88        0x8 obj/SKYROVER/serial.o
                0x0800bc88                headSerialReply
 .text.headSerialError
                0x0800bc90        0x8 obj/SKYROVER/serial.o
                0x0800bc90                headSerialError
 .text.tailSerialReply
                0x0800bc98        0xc obj/SKYROVER/serial.o
                0x0800bc98                tailSerialReply
 .text.s_struct
                0x0800bca4       0x1e obj/SKYROVER/serial.o
                0x0800bca4                s_struct
 .text.serializeNames
                0x0800bcc2       0x12 obj/SKYROVER/serial.o
                0x0800bcc2                serializeNames
 .text.serializeBoxNamesReply
                0x0800bcd4       0x6c obj/SKYROVER/serial.o
                0x0800bcd4                serializeBoxNamesReply
 .text.serialInit
                0x0800bd40      0x118 obj/SKYROVER/serial.o
                0x0800bd40                serialInit
 .text.serialCom
                0x0800be58      0xcfc obj/SKYROVER/serial.o
                0x0800be58                serialCom
 .text.sbusReadRawRC
                0x0800cb54       0x20 obj/SKYROVER/sbus.o
 .text.sbusDataReceive
                0x0800cb74       0x58 obj/SKYROVER/sbus.o
 .text.sbusInit
                0x0800cbcc       0x58 obj/SKYROVER/sbus.o
                0x0800cbcc                sbusInit
 .text.sbusFrameComplete
                0x0800cc24       0xb4 obj/SKYROVER/sbus.o
                0x0800cc24                sbusFrameComplete
 .text.sumdReadRawRC
                0x0800ccd8       0x1c obj/SKYROVER/sumd.o
 .text.sumdDataReceive
                0x0800ccf4       0x74 obj/SKYROVER/sumd.o
 .text.sumdInit
                0x0800cd68       0x30 obj/SKYROVER/sumd.o
                0x0800cd68                sumdInit
 .text.sumdFrameComplete
                0x0800cd98       0x68 obj/SKYROVER/sumd.o
                0x0800cd98                sumdFrameComplete
 .text.spektrumDataReceive
                0x0800ce00       0x68 obj/SKYROVER/spektrum.o
 .text.spektrumReadRawRC
                0x0800ce68       0x98 obj/SKYROVER/spektrum.o
 .text.spektrumInit
                0x0800cf00       0x68 obj/SKYROVER/spektrum.o
                0x0800cf00                spektrumInit
 .text.spektrumFrameComplete
                0x0800cf68        0xc obj/SKYROVER/spektrum.o
                0x0800cf68                spektrumFrameComplete
 .text.sendDataHead
                0x0800cf74       0x20 obj/SKYROVER/telemetry.o
 .text.sendTelemetryTail
                0x0800cf94       0x10 obj/SKYROVER/telemetry.o
 .text.serializeFrsky
                0x0800cfa4       0x30 obj/SKYROVER/telemetry.o
 .text.serialize16
                0x0800cfd4       0x16 obj/SKYROVER/telemetry.o
 *fill*         0x0800cfea        0x2 
 .text.initTelemetry
                0x0800cfec       0x30 obj/SKYROVER/telemetry.o
                0x0800cfec                initTelemetry
 .text.updateTelemetryState
                0x0800d01c       0x5c obj/SKYROVER/telemetry.o
                0x0800d01c                updateTelemetryState
 .text.sendTelemetry
                0x0800d078      0x30c obj/SKYROVER/telemetry.o
                0x0800d078                sendTelemetry
 .text.gpioInit
                0x0800d384       0x64 obj/SKYROVER/drv_gpio.o
                0x0800d384                gpioInit
 .text.gpioExtiLineConfig
                0x0800d3e8       0x2a obj/SKYROVER/drv_gpio.o
                0x0800d3e8                gpioExtiLineConfig
 *fill*         0x0800d412        0x2 
 .text.i2c_ev_handler
                0x0800d414      0x300 obj/SKYROVER/drv_i2c.o
 .text.I2C1_EV_IRQHandler
                0x0800d714        0x4 obj/SKYROVER/drv_i2c.o
                0x0800d714                I2C1_EV_IRQHandler
 .text.I2C2_EV_IRQHandler
                0x0800d718        0x4 obj/SKYROVER/drv_i2c.o
                0x0800d718                I2C2_EV_IRQHandler
 .text.i2cInit  0x0800d71c      0x134 obj/SKYROVER/drv_i2c.o
                0x0800d71c                i2cInit
 .text.i2c_er_handler
                0x0800d850       0x98 obj/SKYROVER/drv_i2c.o
 .text.I2C1_ER_IRQHandler
                0x0800d8e8        0x4 obj/SKYROVER/drv_i2c.o
                0x0800d8e8                I2C1_ER_IRQHandler
 .text.I2C2_ER_IRQHandler
                0x0800d8ec        0x4 obj/SKYROVER/drv_i2c.o
                0x0800d8ec                I2C2_ER_IRQHandler
 .text.i2cWriteBuffer
                0x0800d8f0       0xb4 obj/SKYROVER/drv_i2c.o
                0x0800d8f0                i2cWriteBuffer
 .text.i2cWrite
                0x0800d9a4       0x14 obj/SKYROVER/drv_i2c.o
                0x0800d9a4                i2cWrite
 .text.i2cRead  0x0800d9b8       0xb4 obj/SKYROVER/drv_i2c.o
                0x0800d9b8                i2cRead
 .text.i2cGetErrorCounter
                0x0800da6c        0xc obj/SKYROVER/drv_i2c.o
                0x0800da6c                i2cGetErrorCounter
 .text.SysTick_Handler
                0x0800da78       0x1c obj/SKYROVER/drv_system.o
                0x0800da78                SysTick_Handler
 .text.micros   0x0800da94       0x34 obj/SKYROVER/drv_system.o
                0x0800da94                micros
 .text.millis   0x0800dac8        0xc obj/SKYROVER/drv_system.o
                0x0800dac8                millis
 .text.delayMicroseconds
                0x0800dad4       0x16 obj/SKYROVER/drv_system.o
                0x0800dad4                delayMicroseconds
 .text.delay    0x0800daea       0x14 obj/SKYROVER/drv_system.o
                0x0800daea                delay
 *fill*         0x0800dafe        0x2 
 .text.systemInit
                0x0800db00      0x118 obj/SKYROVER/drv_system.o
                0x0800db00                systemInit
 .text.failureMode
                0x0800dc18       0x38 obj/SKYROVER/drv_system.o
                0x0800dc18                failureMode
 .text.systemReset
                0x0800dc50       0x20 obj/SKYROVER/drv_system.o
                0x0800dc50                systemReset
 .text.systemBeep
                0x0800dc70        0x2 obj/SKYROVER/drv_system.o
                0x0800dc70                systemBeep
 *fill*         0x0800dc72        0x2 
 .text.serialWrite
                0x0800dc74       0x1c obj/SKYROVER/drv_serial.o
                0x0800dc74                serialWrite
 .text.serialPrint
                0x0800dc90       0x16 obj/SKYROVER/drv_serial.o
                0x0800dc90                serialPrint
 *fill*         0x0800dca6        0x2 
 .text.serialTotalBytesWaiting
                0x0800dca8       0x1c obj/SKYROVER/drv_serial.o
                0x0800dca8                serialTotalBytesWaiting
 .text.serialRead
                0x0800dcc4       0x1c obj/SKYROVER/drv_serial.o
                0x0800dcc4                serialRead
 .text.serialSetBaudRate
                0x0800dce0        0x6 obj/SKYROVER/drv_serial.o
                0x0800dce0                serialSetBaudRate
 .text.isSerialTransmitBufferEmpty
                0x0800dce6        0x6 obj/SKYROVER/drv_serial.o
                0x0800dce6                isSerialTransmitBufferEmpty
 .text.softSerialTotalBytesWaiting
                0x0800dcec       0x1a obj/SKYROVER/drv_softserial.o
                0x0800dcec                softSerialTotalBytesWaiting
 .text.softSerialWriteByte
                0x0800dd06       0x18 obj/SKYROVER/drv_softserial.o
                0x0800dd06                softSerialWriteByte
 .text.softSerialSetBaudRate
                0x0800dd1e        0x2 obj/SKYROVER/drv_softserial.o
                0x0800dd1e                softSerialSetBaudRate
 .text.isSoftSerialTransmitBufferEmpty
                0x0800dd20        0xc obj/SKYROVER/drv_softserial.o
                0x0800dd20                isSoftSerialTransmitBufferEmpty
 .text.softSerialReadByte
                0x0800dd2c       0x22 obj/SKYROVER/drv_softserial.o
                0x0800dd2c                softSerialReadByte
 .text.readRxSignal
                0x0800dd4e       0x20 obj/SKYROVER/drv_softserial.o
                0x0800dd4e                readRxSignal
 .text.setTxSignal
                0x0800dd6e       0x2a obj/SKYROVER/drv_softserial.o
                0x0800dd6e                setTxSignal
 .text.serialInputPortConfig
                0x0800dd98       0x24 obj/SKYROVER/drv_softserial.o
                0x0800dd98                serialInputPortConfig
 .text.serialTimerConfig
                0x0800ddbc       0x2c obj/SKYROVER/drv_softserial.o
                0x0800ddbc                serialTimerConfig
 .text.serialOutputPortConfig
                0x0800dde8       0x24 obj/SKYROVER/drv_softserial.o
                0x0800dde8                serialOutputPortConfig
 .text.setupSoftSerial1
                0x0800de0c       0x8c obj/SKYROVER/drv_softserial.o
                0x0800de0c                setupSoftSerial1
 .text.updateBufferIndex
                0x0800de98       0x12 obj/SKYROVER/drv_softserial.o
                0x0800de98                updateBufferIndex
 .text.searchForStartBit
                0x0800deaa       0x32 obj/SKYROVER/drv_softserial.o
                0x0800deaa                searchForStartBit
 .text.searchForStopBit
                0x0800dedc       0x38 obj/SKYROVER/drv_softserial.o
                0x0800dedc                searchForStopBit
 .text.readDataBit
                0x0800df14       0x40 obj/SKYROVER/drv_softserial.o
                0x0800df14                readDataBit
 .text.processRxState
                0x0800df54       0x28 obj/SKYROVER/drv_softserial.o
                0x0800df54                processRxState
 .text.processTxState
                0x0800df7c       0x78 obj/SKYROVER/drv_softserial.o
                0x0800df7c                processTxState
 .text.onSerialTimer
                0x0800dff4       0x20 obj/SKYROVER/drv_softserial.o
                0x0800dff4                onSerialTimer
 .text.uartTotalBytesWaiting
                0x0800e014       0x16 obj/SKYROVER/drv_uart.o
                0x0800e014                uartTotalBytesWaiting
 .text.isUartTransmitBufferEmpty
                0x0800e02a       0x16 obj/SKYROVER/drv_uart.o
                0x0800e02a                isUartTransmitBufferEmpty
 .text.uartSetBaudRate
                0x0800e040       0x4e obj/SKYROVER/drv_uart.o
                0x0800e040                uartSetBaudRate
 .text.uartStartTxDMA
                0x0800e08e       0x34 obj/SKYROVER/drv_uart.o
 .text.uartRead
                0x0800e0c2       0x32 obj/SKYROVER/drv_uart.o
                0x0800e0c2                uartRead
 .text.uartWrite
                0x0800e0f4       0x3c obj/SKYROVER/drv_uart.o
                0x0800e0f4                uartWrite
 .text.serialUSART1
                0x0800e130       0xa4 obj/SKYROVER/drv_uart.o
                0x0800e130                serialUSART1
 .text.serialUSART2
                0x0800e1d4       0xa4 obj/SKYROVER/drv_uart.o
                0x0800e1d4                serialUSART2
 .text.uartOpen
                0x0800e278      0x178 obj/SKYROVER/drv_uart.o
                0x0800e278                uartOpen
 .text.DMA1_Channel4_IRQHandler
                0x0800e3f0       0x34 obj/SKYROVER/drv_uart.o
                0x0800e3f0                DMA1_Channel4_IRQHandler
 .text.USART1_IRQHandler
                0x0800e424       0x38 obj/SKYROVER/drv_uart.o
                0x0800e424                USART1_IRQHandler
 .text.USART2_IRQHandler
                0x0800e45c       0x70 obj/SKYROVER/drv_uart.o
                0x0800e45c                USART2_IRQHandler
 .text.Hw_VCom_Init
                0x0800e4cc       0x24 obj/SKYROVER/drv_vcom.o
                0x0800e4cc                Hw_VCom_Init
 .text.Hw_VCom_Getch
                0x0800e4f0       0x26 obj/SKYROVER/drv_vcom.o
                0x0800e4f0                Hw_VCom_Getch
 .text.Hw_VCom_IsReceived
                0x0800e516       0x10 obj/SKYROVER/drv_vcom.o
                0x0800e516                Hw_VCom_IsReceived
 *fill*         0x0800e526        0x2 
 .text.Hw_VCom_Putch
                0x0800e528       0x14 obj/SKYROVER/drv_vcom.o
                0x0800e528                Hw_VCom_Putch
 .text.usb_putc
                0x0800e53c        0x6 obj/SKYROVER/drv_vcom.o
 *fill*         0x0800e542        0x2 
 .text.Hw_VCom_Printf
                0x0800e544       0x24 obj/SKYROVER/drv_vcom.o
                0x0800e544                Hw_VCom_Printf
 .text.Hw_VCom_Q_Init
                0x0800e568       0x14 obj/SKYROVER/drv_vcom_q.o
                0x0800e568                Hw_VCom_Q_Init
 .text.HW_VCOM_Q_SIZE
                0x0800e57c       0x38 obj/SKYROVER/drv_vcom_q.o
                0x0800e57c                HW_VCOM_Q_SIZE
 .text.HW_VCOM_Q_VAILD
                0x0800e5b4        0x4 obj/SKYROVER/drv_vcom_q.o
                0x0800e5b4                HW_VCOM_Q_VAILD
 .text.Hw_VCom_Q_Push
                0x0800e5b8       0x60 obj/SKYROVER/drv_vcom_q.o
                0x0800e5b8                Hw_VCom_Q_Push
 .text.Hw_VCom_Q_Pop
                0x0800e618       0x54 obj/SKYROVER/drv_vcom_q.o
                0x0800e618                Hw_VCom_Q_Pop
 .text.I2C_delay
                0x0800e66c       0x14 obj/SKYROVER/drv_u8g.o
 .text.I2C_Start_NoAck
                0x0800e680       0x28 obj/SKYROVER/drv_u8g.o
 .text.I2C_Stop
                0x0800e6a8       0x2c obj/SKYROVER/drv_u8g.o
 .text.I2C_NoAck
                0x0800e6d4       0x2c obj/SKYROVER/drv_u8g.o
 .text.I2C_SendByte
                0x0800e700       0x44 obj/SKYROVER/drv_u8g.o
 .text.I2C_SW_Init
                0x0800e744       0x28 obj/SKYROVER/drv_u8g.o
                0x0800e744                I2C_SW_Init
 .text.u8g_Delay
                0x0800e76c        0x4 obj/SKYROVER/drv_u8g.o
                0x0800e76c                u8g_Delay
 .text.u8g_com_ssd_start_sequence
                0x0800e770       0x38 obj/SKYROVER/drv_u8g.o
                0x0800e770                u8g_com_ssd_start_sequence
 .text.u8g_com_sw_i2c_fn
                0x0800e7a8       0xa0 obj/SKYROVER/drv_u8g.o
                0x0800e7a8                u8g_com_sw_i2c_fn
 .text.uli2a    0x0800e848       0x4e obj/SKYROVER/printf.o
 .text.ui2a     0x0800e896       0x4e obj/SKYROVER/printf.o
 .text.putchw   0x0800e8e4       0x48 obj/SKYROVER/printf.o
 .text.putcp    0x0800e92c        0xa obj/SKYROVER/printf.o
 .text.tfp_format
                0x0800e936      0x1aa obj/SKYROVER/printf.o
                0x0800e936                tfp_format
 .text.init_printf
                0x0800eae0       0x14 obj/SKYROVER/printf.o
                0x0800eae0                init_printf
 .text.tfp_printf
                0x0800eaf4       0x3c obj/SKYROVER/printf.o
                0x0800eaf4                tfp_printf
 .text.tfp_sprintf
                0x0800eb30       0x2c obj/SKYROVER/printf.o
                0x0800eb30                tfp_sprintf
 .text.constrain
                0x0800eb5c       0x10 obj/SKYROVER/utils.o
                0x0800eb5c                constrain
 *fill*         0x0800eb6c        0x4 
 .text.initBoardAlignment
                0x0800eb70      0x170 obj/SKYROVER/utils.o
                0x0800eb70                initBoardAlignment
 .text.alignBoard
                0x0800ece0       0xc4 obj/SKYROVER/utils.o
                0x0800ece0                alignBoard
 .text.alignSensors
                0x0800eda4       0x7c obj/SKYROVER/utils.o
                0x0800eda4                alignSensors
 .text.SystemInit
                0x0800ee20       0x4c obj/SKYROVER/system_stm32f10x.o
                0x0800ee20                SystemInit
 .text.SetSysClock
                0x0800ee6c       0x98 obj/SKYROVER/system_stm32f10x.o
                0x0800ee6c                SetSysClock
 .text.NVIC_PriorityGroupConfig
                0x0800ef04       0x14 obj/SKYROVER/misc.o
                0x0800ef04                NVIC_PriorityGroupConfig
 .text.NVIC_Init
                0x0800ef18       0x6c obj/SKYROVER/misc.o
                0x0800ef18                NVIC_Init
 .text.ADC_Init
                0x0800ef84       0x48 obj/SKYROVER/stm32f10x_adc.o
                0x0800ef84                ADC_Init
 .text.ADC_Cmd  0x0800efcc       0x12 obj/SKYROVER/stm32f10x_adc.o
                0x0800efcc                ADC_Cmd
 .text.ADC_DMACmd
                0x0800efde       0x12 obj/SKYROVER/stm32f10x_adc.o
                0x0800efde                ADC_DMACmd
 .text.ADC_ResetCalibration
                0x0800eff0        0xa obj/SKYROVER/stm32f10x_adc.o
                0x0800eff0                ADC_ResetCalibration
 .text.ADC_GetResetCalibrationStatus
                0x0800effa        0x8 obj/SKYROVER/stm32f10x_adc.o
                0x0800effa                ADC_GetResetCalibrationStatus
 .text.ADC_StartCalibration
                0x0800f002        0xa obj/SKYROVER/stm32f10x_adc.o
                0x0800f002                ADC_StartCalibration
 .text.ADC_GetCalibrationStatus
                0x0800f00c        0x8 obj/SKYROVER/stm32f10x_adc.o
                0x0800f00c                ADC_GetCalibrationStatus
 .text.ADC_SoftwareStartConvCmd
                0x0800f014       0x12 obj/SKYROVER/stm32f10x_adc.o
                0x0800f014                ADC_SoftwareStartConvCmd
 .text.ADC_RegularChannelConfig
                0x0800f026       0x84 obj/SKYROVER/stm32f10x_adc.o
                0x0800f026                ADC_RegularChannelConfig
 *fill*         0x0800f0aa        0x2 
 .text.DMA_DeInit
                0x0800f0ac       0xf0 obj/SKYROVER/stm32f10x_dma.o
                0x0800f0ac                DMA_DeInit
 .text.DMA_Init
                0x0800f19c       0x3c obj/SKYROVER/stm32f10x_dma.o
                0x0800f19c                DMA_Init
 .text.DMA_StructInit
                0x0800f1d8       0x1a obj/SKYROVER/stm32f10x_dma.o
                0x0800f1d8                DMA_StructInit
 .text.DMA_Cmd  0x0800f1f2       0x16 obj/SKYROVER/stm32f10x_dma.o
                0x0800f1f2                DMA_Cmd
 .text.DMA_ITConfig
                0x0800f208       0x10 obj/SKYROVER/stm32f10x_dma.o
                0x0800f208                DMA_ITConfig
 .text.DMA_SetCurrDataCounter
                0x0800f218        0x4 obj/SKYROVER/stm32f10x_dma.o
                0x0800f218                DMA_SetCurrDataCounter
 .text.DMA_GetCurrDataCounter
                0x0800f21c        0x6 obj/SKYROVER/stm32f10x_dma.o
                0x0800f21c                DMA_GetCurrDataCounter
 *fill*         0x0800f222        0x2 
 .text.DMA_ClearITPendingBit
                0x0800f224       0x14 obj/SKYROVER/stm32f10x_dma.o
                0x0800f224                DMA_ClearITPendingBit
 .text.EXTI_Init
                0x0800f238       0x78 obj/SKYROVER/stm32f10x_exti.o
                0x0800f238                EXTI_Init
 .text.EXTI_GetITStatus
                0x0800f2b0       0x1c obj/SKYROVER/stm32f10x_exti.o
                0x0800f2b0                EXTI_GetITStatus
 .text.EXTI_ClearITPendingBit
                0x0800f2cc        0xc obj/SKYROVER/stm32f10x_exti.o
                0x0800f2cc                EXTI_ClearITPendingBit
 .text.FLASH_SetLatency
                0x0800f2d8       0x14 obj/SKYROVER/stm32f10x_flash.o
                0x0800f2d8                FLASH_SetLatency
 .text.FLASH_PrefetchBufferCmd
                0x0800f2ec       0x18 obj/SKYROVER/stm32f10x_flash.o
                0x0800f2ec                FLASH_PrefetchBufferCmd
 .text.FLASH_Unlock
                0x0800f304       0x18 obj/SKYROVER/stm32f10x_flash.o
                0x0800f304                FLASH_Unlock
 .text.FLASH_Lock
                0x0800f31c       0x10 obj/SKYROVER/stm32f10x_flash.o
                0x0800f31c                FLASH_Lock
 .text.FLASH_ClearFlag
                0x0800f32c        0xc obj/SKYROVER/stm32f10x_flash.o
                0x0800f32c                FLASH_ClearFlag
 .text.FLASH_GetBank1Status
                0x0800f338       0x28 obj/SKYROVER/stm32f10x_flash.o
                0x0800f338                FLASH_GetBank1Status
 .text.FLASH_WaitForLastOperation
                0x0800f360       0x22 obj/SKYROVER/stm32f10x_flash.o
                0x0800f360                FLASH_WaitForLastOperation
 *fill*         0x0800f382        0x2 
 .text.FLASH_ErasePage
                0x0800f384       0x3c obj/SKYROVER/stm32f10x_flash.o
                0x0800f384                FLASH_ErasePage
 .text.FLASH_ProgramWord
                0x0800f3c0       0x54 obj/SKYROVER/stm32f10x_flash.o
                0x0800f3c0                FLASH_ProgramWord
 .text.GPIO_Init
                0x0800f414       0x9c obj/SKYROVER/stm32f10x_gpio.o
                0x0800f414                GPIO_Init
 .text.GPIO_SetBits
                0x0800f4b0        0x4 obj/SKYROVER/stm32f10x_gpio.o
                0x0800f4b0                GPIO_SetBits
 .text.GPIO_ResetBits
                0x0800f4b4        0x4 obj/SKYROVER/stm32f10x_gpio.o
                0x0800f4b4                GPIO_ResetBits
 .text.I2C_DeInit
                0x0800f4b8       0x34 obj/SKYROVER/stm32f10x_i2c.o
                0x0800f4b8                I2C_DeInit
 .text.I2C_Init
                0x0800f4ec       0xd4 obj/SKYROVER/stm32f10x_i2c.o
                0x0800f4ec                I2C_Init
 .text.I2C_StructInit
                0x0800f5c0       0x1c obj/SKYROVER/stm32f10x_i2c.o
                0x0800f5c0                I2C_StructInit
 .text.I2C_Cmd  0x0800f5dc       0x18 obj/SKYROVER/stm32f10x_i2c.o
                0x0800f5dc                I2C_Cmd
 .text.I2C_GenerateSTART
                0x0800f5f4       0x18 obj/SKYROVER/stm32f10x_i2c.o
                0x0800f5f4                I2C_GenerateSTART
 .text.I2C_GenerateSTOP
                0x0800f60c       0x18 obj/SKYROVER/stm32f10x_i2c.o
                0x0800f60c                I2C_GenerateSTOP
 .text.I2C_AcknowledgeConfig
                0x0800f624       0x18 obj/SKYROVER/stm32f10x_i2c.o
                0x0800f624                I2C_AcknowledgeConfig
 .text.I2C_ITConfig
                0x0800f63c       0x12 obj/SKYROVER/stm32f10x_i2c.o
                0x0800f63c                I2C_ITConfig
 .text.I2C_SendData
                0x0800f64e        0x4 obj/SKYROVER/stm32f10x_i2c.o
                0x0800f64e                I2C_SendData
 .text.I2C_ReceiveData
                0x0800f652        0x6 obj/SKYROVER/stm32f10x_i2c.o
                0x0800f652                I2C_ReceiveData
 .text.I2C_Send7bitAddress
                0x0800f658       0x12 obj/SKYROVER/stm32f10x_i2c.o
                0x0800f658                I2C_Send7bitAddress
 *fill*         0x0800f66a        0x2 
 .text.RCC_DeInit
                0x0800f66c       0x40 obj/SKYROVER/stm32f10x_rcc.o
                0x0800f66c                RCC_DeInit
 .text.RCC_HSEConfig
                0x0800f6ac       0x38 obj/SKYROVER/stm32f10x_rcc.o
                0x0800f6ac                RCC_HSEConfig
 .text.RCC_PLLConfig
                0x0800f6e4       0x14 obj/SKYROVER/stm32f10x_rcc.o
                0x0800f6e4                RCC_PLLConfig
 .text.RCC_PLLCmd
                0x0800f6f8        0xc obj/SKYROVER/stm32f10x_rcc.o
                0x0800f6f8                RCC_PLLCmd
 .text.RCC_SYSCLKConfig
                0x0800f704       0x14 obj/SKYROVER/stm32f10x_rcc.o
                0x0800f704                RCC_SYSCLKConfig
 .text.RCC_GetSYSCLKSource
                0x0800f718       0x10 obj/SKYROVER/stm32f10x_rcc.o
                0x0800f718                RCC_GetSYSCLKSource
 .text.RCC_HCLKConfig
                0x0800f728       0x14 obj/SKYROVER/stm32f10x_rcc.o
                0x0800f728                RCC_HCLKConfig
 .text.RCC_PCLK1Config
                0x0800f73c       0x14 obj/SKYROVER/stm32f10x_rcc.o
                0x0800f73c                RCC_PCLK1Config
 .text.RCC_PCLK2Config
                0x0800f750       0x14 obj/SKYROVER/stm32f10x_rcc.o
                0x0800f750                RCC_PCLK2Config
 .text.RCC_USBCLKConfig
                0x0800f764        0xc obj/SKYROVER/stm32f10x_rcc.o
                0x0800f764                RCC_USBCLKConfig
 .text.RCC_GetClocksFreq
                0x0800f770       0x98 obj/SKYROVER/stm32f10x_rcc.o
                0x0800f770                RCC_GetClocksFreq
 .text.RCC_AHBPeriphClockCmd
                0x0800f808       0x18 obj/SKYROVER/stm32f10x_rcc.o
                0x0800f808                RCC_AHBPeriphClockCmd
 .text.RCC_APB2PeriphClockCmd
                0x0800f820       0x18 obj/SKYROVER/stm32f10x_rcc.o
                0x0800f820                RCC_APB2PeriphClockCmd
 .text.RCC_APB1PeriphClockCmd
                0x0800f838       0x18 obj/SKYROVER/stm32f10x_rcc.o
                0x0800f838                RCC_APB1PeriphClockCmd
 .text.RCC_APB2PeriphResetCmd
                0x0800f850       0x18 obj/SKYROVER/stm32f10x_rcc.o
                0x0800f850                RCC_APB2PeriphResetCmd
 .text.RCC_APB1PeriphResetCmd
                0x0800f868       0x18 obj/SKYROVER/stm32f10x_rcc.o
                0x0800f868                RCC_APB1PeriphResetCmd
 .text.RCC_GetFlagStatus
                0x0800f880       0x28 obj/SKYROVER/stm32f10x_rcc.o
                0x0800f880                RCC_GetFlagStatus
 .text.RCC_WaitForHSEStartUp
                0x0800f8a8       0x30 obj/SKYROVER/stm32f10x_rcc.o
                0x0800f8a8                RCC_WaitForHSEStartUp
 .text.RCC_ClearFlag
                0x0800f8d8       0x10 obj/SKYROVER/stm32f10x_rcc.o
                0x0800f8d8                RCC_ClearFlag
 .text.SPI_I2S_DeInit
                0x0800f8e8       0x64 obj/SKYROVER/stm32f10x_spi.o
                0x0800f8e8                SPI_I2S_DeInit
 .text.SPI_Init
                0x0800f94c       0x3e obj/SKYROVER/stm32f10x_spi.o
                0x0800f94c                SPI_Init
 .text.SPI_Cmd  0x0800f98a       0x18 obj/SKYROVER/stm32f10x_spi.o
                0x0800f98a                SPI_Cmd
 .text.SPI_I2S_SendData
                0x0800f9a2        0x4 obj/SKYROVER/stm32f10x_spi.o
                0x0800f9a2                SPI_I2S_SendData
 .text.SPI_I2S_ReceiveData
                0x0800f9a6        0x6 obj/SKYROVER/stm32f10x_spi.o
                0x0800f9a6                SPI_I2S_ReceiveData
 .text.SPI_I2S_GetFlagStatus
                0x0800f9ac        0xc obj/SKYROVER/stm32f10x_spi.o
                0x0800f9ac                SPI_I2S_GetFlagStatus
 .text.TI1_Config
                0x0800f9b8       0x68 obj/SKYROVER/stm32f10x_tim.o
 .text.TI2_Config
                0x0800fa20       0x78 obj/SKYROVER/stm32f10x_tim.o
 .text.TIM_TimeBaseInit
                0x0800fa98       0x94 obj/SKYROVER/stm32f10x_tim.o
                0x0800fa98                TIM_TimeBaseInit
 .text.TIM_OC1Init
                0x0800fb2c       0x88 obj/SKYROVER/stm32f10x_tim.o
                0x0800fb2c                TIM_OC1Init
 .text.TIM_OC2Init
                0x0800fbb4       0x88 obj/SKYROVER/stm32f10x_tim.o
                0x0800fbb4                TIM_OC2Init
 .text.TIM_OC3Init
                0x0800fc3c       0x84 obj/SKYROVER/stm32f10x_tim.o
                0x0800fc3c                TIM_OC3Init
 .text.TIM_OC4Init
                0x0800fcc0       0x68 obj/SKYROVER/stm32f10x_tim.o
                0x0800fcc0                TIM_OC4Init
 .text.TIM_TimeBaseStructInit
                0x0800fd28       0x12 obj/SKYROVER/stm32f10x_tim.o
                0x0800fd28                TIM_TimeBaseStructInit
 .text.TIM_OCStructInit
                0x0800fd3a       0x14 obj/SKYROVER/stm32f10x_tim.o
                0x0800fd3a                TIM_OCStructInit
 .text.TIM_ICStructInit
                0x0800fd4e       0x10 obj/SKYROVER/stm32f10x_tim.o
                0x0800fd4e                TIM_ICStructInit
 .text.TIM_Cmd  0x0800fd5e       0x18 obj/SKYROVER/stm32f10x_tim.o
                0x0800fd5e                TIM_Cmd
 .text.TIM_CtrlPWMOutputs
                0x0800fd76       0x1c obj/SKYROVER/stm32f10x_tim.o
                0x0800fd76                TIM_CtrlPWMOutputs
 .text.TIM_ITConfig
                0x0800fd92       0x12 obj/SKYROVER/stm32f10x_tim.o
                0x0800fd92                TIM_ITConfig
 .text.TIM_OC1PreloadConfig
                0x0800fda4       0x10 obj/SKYROVER/stm32f10x_tim.o
                0x0800fda4                TIM_OC1PreloadConfig
 .text.TIM_OC2PreloadConfig
                0x0800fdb4       0x14 obj/SKYROVER/stm32f10x_tim.o
                0x0800fdb4                TIM_OC2PreloadConfig
 .text.TIM_OC3PreloadConfig
                0x0800fdc8       0x10 obj/SKYROVER/stm32f10x_tim.o
                0x0800fdc8                TIM_OC3PreloadConfig
 .text.TIM_OC4PreloadConfig
                0x0800fdd8       0x14 obj/SKYROVER/stm32f10x_tim.o
                0x0800fdd8                TIM_OC4PreloadConfig
 .text.TIM_SetIC1Prescaler
                0x0800fdec       0x16 obj/SKYROVER/stm32f10x_tim.o
                0x0800fdec                TIM_SetIC1Prescaler
 .text.TIM_SetIC2Prescaler
                0x0800fe02       0x1a obj/SKYROVER/stm32f10x_tim.o
                0x0800fe02                TIM_SetIC2Prescaler
 .text.TIM_SetIC3Prescaler
                0x0800fe1c       0x16 obj/SKYROVER/stm32f10x_tim.o
                0x0800fe1c                TIM_SetIC3Prescaler
 .text.TIM_SetIC4Prescaler
                0x0800fe32       0x1a obj/SKYROVER/stm32f10x_tim.o
                0x0800fe32                TIM_SetIC4Prescaler
 .text.TIM_ICInit
                0x0800fe4c      0x138 obj/SKYROVER/stm32f10x_tim.o
                0x0800fe4c                TIM_ICInit
 .text.TIM_GetCapture1
                0x0800ff84        0x6 obj/SKYROVER/stm32f10x_tim.o
                0x0800ff84                TIM_GetCapture1
 .text.TIM_GetCapture2
                0x0800ff8a        0x6 obj/SKYROVER/stm32f10x_tim.o
                0x0800ff8a                TIM_GetCapture2
 .text.TIM_GetCapture3
                0x0800ff90        0x6 obj/SKYROVER/stm32f10x_tim.o
                0x0800ff90                TIM_GetCapture3
 .text.TIM_GetCapture4
                0x0800ff96        0x8 obj/SKYROVER/stm32f10x_tim.o
                0x0800ff96                TIM_GetCapture4
 .text.TIM_GetITStatus
                0x0800ff9e       0x16 obj/SKYROVER/stm32f10x_tim.o
                0x0800ff9e                TIM_GetITStatus
 .text.TIM_ClearITPendingBit
                0x0800ffb4        0x8 obj/SKYROVER/stm32f10x_tim.o
                0x0800ffb4                TIM_ClearITPendingBit
 .text.USART_Init
                0x0800ffbc       0xac obj/SKYROVER/stm32f10x_usart.o
                0x0800ffbc                USART_Init
 .text.USART_Cmd
                0x08010068       0x18 obj/SKYROVER/stm32f10x_usart.o
                0x08010068                USART_Cmd
 .text.USART_ITConfig
                0x08010080       0x32 obj/SKYROVER/stm32f10x_usart.o
                0x08010080                USART_ITConfig
 .text.USART_DMACmd
                0x080100b2       0x12 obj/SKYROVER/stm32f10x_usart.o
                0x080100b2                USART_DMACmd
 .text.vListInitialise
                0x080100c4       0x16 obj/SKYROVER/list.o
                0x080100c4                vListInitialise
 .text.vListInitialiseItem
                0x080100da        0x6 obj/SKYROVER/list.o
                0x080100da                vListInitialiseItem
 .text.vListInsertEnd
                0x080100e0       0x18 obj/SKYROVER/list.o
                0x080100e0                vListInsertEnd
 .text.vListInsert
                0x080100f8       0x30 obj/SKYROVER/list.o
                0x080100f8                vListInsert
 .text.uxListRemove
                0x08010128       0x20 obj/SKYROVER/list.o
                0x08010128                uxListRemove
 .text.prvCopyDataToQueue
                0x08010148       0x66 obj/SKYROVER/queue.o
 .text.prvCopyDataFromQueue
                0x080101ae       0x26 obj/SKYROVER/queue.o
 .text.prvUnlockQueue
                0x080101d4       0x64 obj/SKYROVER/queue.o
 .text.xQueueGenericReset
                0x08010238       0x62 obj/SKYROVER/queue.o
                0x08010238                xQueueGenericReset
 .text.xQueueGenericCreate
                0x0801029a       0x42 obj/SKYROVER/queue.o
                0x0801029a                xQueueGenericCreate
 .text.xQueueGenericSend
                0x080102dc       0xf8 obj/SKYROVER/queue.o
                0x080102dc                xQueueGenericSend
 .text.xQueueCreateMutex
                0x080103d4       0x50 obj/SKYROVER/queue.o
                0x080103d4                xQueueCreateMutex
 .text.xQueueGenericSendFromISR
                0x08010424       0x8a obj/SKYROVER/queue.o
                0x08010424                xQueueGenericSendFromISR
 .text.xQueueGenericReceive
                0x080104ae      0x126 obj/SKYROVER/queue.o
                0x080104ae                xQueueGenericReceive
 .text.vQueueWaitForMessageRestricted
                0x080105d4       0x3a obj/SKYROVER/queue.o
                0x080105d4                vQueueWaitForMessageRestricted
 *fill*         0x0801060e        0x2 
 .text.prvAddCurrentTaskToDelayedList
                0x08010610       0x50 obj/SKYROVER/tasks.o
 .text.xTaskGenericCreate
                0x08010660      0x1a8 obj/SKYROVER/tasks.o
                0x08010660                xTaskGenericCreate
 .text.vTaskStartScheduler
                0x08010808       0x5c obj/SKYROVER/tasks.o
                0x08010808                vTaskStartScheduler
 .text.vTaskSuspendAll
                0x08010864       0x10 obj/SKYROVER/tasks.o
                0x08010864                vTaskSuspendAll
 .text.xTaskGetTickCount
                0x08010874       0x18 obj/SKYROVER/tasks.o
                0x08010874                xTaskGetTickCount
 .text.xTaskIncrementTick
                0x0801088c      0x11c obj/SKYROVER/tasks.o
                0x0801088c                xTaskIncrementTick
 .text.xTaskResumeAll
                0x080109a8       0xc8 obj/SKYROVER/tasks.o
                0x080109a8                xTaskResumeAll
 .text.vTaskDelay
                0x08010a70       0x3c obj/SKYROVER/tasks.o
                0x08010a70                vTaskDelay
 .text.prvIdleTask
                0x08010aac       0x64 obj/SKYROVER/tasks.o
 .text.vTaskSwitchContext
                0x08010b10       0x70 obj/SKYROVER/tasks.o
                0x08010b10                vTaskSwitchContext
 .text.vTaskPlaceOnEventList
                0x08010b80       0x4c obj/SKYROVER/tasks.o
                0x08010b80                vTaskPlaceOnEventList
 .text.vTaskPlaceOnEventListRestricted
                0x08010bcc       0x34 obj/SKYROVER/tasks.o
                0x08010bcc                vTaskPlaceOnEventListRestricted
 .text.xTaskRemoveFromEventList
                0x08010c00       0x74 obj/SKYROVER/tasks.o
                0x08010c00                xTaskRemoveFromEventList
 .text.vTaskSetTimeOutState
                0x08010c74       0x20 obj/SKYROVER/tasks.o
                0x08010c74                vTaskSetTimeOutState
 .text.xTaskCheckForTimeOut
                0x08010c94       0x5c obj/SKYROVER/tasks.o
                0x08010c94                xTaskCheckForTimeOut
 .text.vTaskMissedYield
                0x08010cf0        0xc obj/SKYROVER/tasks.o
                0x08010cf0                vTaskMissedYield
 .text.xTaskGetCurrentTaskHandle
                0x08010cfc        0xc obj/SKYROVER/tasks.o
                0x08010cfc                xTaskGetCurrentTaskHandle
 .text.xTaskGetSchedulerState
                0x08010d08       0x1c obj/SKYROVER/tasks.o
                0x08010d08                xTaskGetSchedulerState
 .text.vTaskPriorityInherit
                0x08010d24       0x68 obj/SKYROVER/tasks.o
                0x08010d24                vTaskPriorityInherit
 .text.vTaskPriorityDisinherit
                0x08010d8c       0x48 obj/SKYROVER/tasks.o
                0x08010d8c                vTaskPriorityDisinherit
 .text.prvCheckForValidListAndQueue
                0x08010dd4       0x4c obj/SKYROVER/timers.o
 .text.prvInsertTimerInActiveList
                0x08010e20       0x3c obj/SKYROVER/timers.o
 .text.xTimerCreateTimerTask
                0x08010e5c       0x44 obj/SKYROVER/timers.o
                0x08010e5c                xTimerCreateTimerTask
 .text.xTimerGenericCommand
                0x08010ea0       0x44 obj/SKYROVER/timers.o
                0x08010ea0                xTimerGenericCommand
 .text.prvSwitchTimerLists.isra.1
                0x08010ee4       0x68 obj/SKYROVER/timers.o
 .text.prvTimerTask
                0x08010f4c      0x158 obj/SKYROVER/timers.o
 .text.osThreadCreate
                0x080110a4       0x30 obj/SKYROVER/cmsis_os.o
                0x080110a4                osThreadCreate
 .text.osKernelStart
                0x080110d4       0x10 obj/SKYROVER/cmsis_os.o
                0x080110d4                osKernelStart
 .text.osDelay  0x080110e4       0x10 obj/SKYROVER/cmsis_os.o
                0x080110e4                osDelay
 .text.osMutexCreate
                0x080110f4        0x6 obj/SKYROVER/cmsis_os.o
                0x080110f4                osMutexCreate
 .text.osMutexWait
                0x080110fa       0x24 obj/SKYROVER/cmsis_os.o
                0x080110fa                osMutexWait
 .text.osMutexRelease
                0x0801111e       0x1e obj/SKYROVER/cmsis_os.o
                0x0801111e                osMutexRelease
 .text.pvPortMalloc
                0x0801113c       0xb8 obj/SKYROVER/heap_2.o
                0x0801113c                pvPortMalloc
 .text.vPortFree
                0x080111f4       0x40 obj/SKYROVER/heap_2.o
                0x080111f4                vPortFree
 .text.prvPortStartFirstTask
                0x08011234       0x14 obj/SKYROVER/port.o
 .text.pxPortInitialiseStack
                0x08011248       0x1c obj/SKYROVER/port.o
                0x08011248                pxPortInitialiseStack
 .text.SVC_Handler
                0x08011264       0x20 obj/SKYROVER/port.o
                0x08011264                SVC_Handler
 .text.vPortYield
                0x08011284       0x18 obj/SKYROVER/port.o
                0x08011284                vPortYield
 .text.ulPortSetInterruptMask
                0x0801129c       0x10 obj/SKYROVER/port.o
                0x0801129c                ulPortSetInterruptMask
 .text.prvTaskExitError
                0x080112ac       0x1c obj/SKYROVER/port.o
 .text.vPortEnterCritical
                0x080112c8       0x1c obj/SKYROVER/port.o
                0x080112c8                vPortEnterCritical
 .text.vPortClearInterruptMask
                0x080112e4        0x6 obj/SKYROVER/port.o
                0x080112e4                vPortClearInterruptMask
 *fill*         0x080112ea        0x2 
 .text.vPortExitCritical
                0x080112ec       0x14 obj/SKYROVER/port.o
                0x080112ec                vPortExitCritical
 .text.PendSV_Handler
                0x08011300       0x3c obj/SKYROVER/port.o
                0x08011300                PendSV_Handler
 .text.xPortSysTickHandler
                0x0801133c       0x24 obj/SKYROVER/port.o
                0x0801133c                xPortSysTickHandler
 .text.vPortSetupTimerInterrupt
                0x08011360       0x28 obj/SKYROVER/port.o
                0x08011360                vPortSetupTimerInterrupt
 .text.xPortStartScheduler
                0x08011388       0x8c obj/SKYROVER/port.o
                0x08011388                xPortStartScheduler
 .text.vPortValidateInterruptPriority
                0x08011414       0x44 obj/SKYROVER/port.o
                0x08011414                vPortValidateInterruptPriority
 .text.Standard_GetConfiguration
                0x08011458       0x24 obj/SKYROVER/usb_core.o
                0x08011458                Standard_GetConfiguration
 .text.Standard_GetInterface
                0x0801147c       0x24 obj/SKYROVER/usb_core.o
                0x0801147c                Standard_GetInterface
 .text.Standard_GetStatus
                0x080114a0       0x90 obj/SKYROVER/usb_core.o
                0x080114a0                Standard_GetStatus
 .text.DataStageIn
                0x08011530       0xac obj/SKYROVER/usb_core.o
 .text.Standard_SetConfiguration
                0x080115dc       0x38 obj/SKYROVER/usb_core.o
                0x080115dc                Standard_SetConfiguration
 .text.Standard_SetInterface
                0x08011614       0x48 obj/SKYROVER/usb_core.o
                0x08011614                Standard_SetInterface
 .text.Standard_ClearFeature
                0x0801165c       0xd8 obj/SKYROVER/usb_core.o
                0x0801165c                Standard_ClearFeature
 .text.Standard_SetEndPointFeature
                0x08011734       0x8c obj/SKYROVER/usb_core.o
                0x08011734                Standard_SetEndPointFeature
 .text.Standard_SetDeviceFeature
                0x080117c0       0x24 obj/SKYROVER/usb_core.o
                0x080117c0                Standard_SetDeviceFeature
 .text.Standard_GetDescriptorData
                0x080117e4       0x1c obj/SKYROVER/usb_core.o
                0x080117e4                Standard_GetDescriptorData
 .text.Post0_Process
                0x08011800       0x44 obj/SKYROVER/usb_core.o
                0x08011800                Post0_Process
 .text.Setup0_Process
                0x08011844      0x2d8 obj/SKYROVER/usb_core.o
                0x08011844                Setup0_Process
 .text.Out0_Process
                0x08011b1c       0xcc obj/SKYROVER/usb_core.o
                0x08011b1c                Out0_Process
 .text.SetDeviceAddress
                0x08011be8       0x40 obj/SKYROVER/usb_core.o
                0x08011be8                SetDeviceAddress
 .text.In0_Process
                0x08011c28       0x5c obj/SKYROVER/usb_core.o
                0x08011c28                In0_Process
 .text.NOP_Process
                0x08011c84        0x2 obj/SKYROVER/usb_core.o
                0x08011c84                NOP_Process
 *fill*         0x08011c86        0x2 
 .text.USB_Init
                0x08011c88       0x34 obj/SKYROVER/usb_init.o
                0x08011c88                USB_Init
 .text.CTR_LP   0x08011cbc      0x16c obj/SKYROVER/usb_int.o
                0x08011cbc                CTR_LP
 .text.UserToPMABufferCopy
                0x08011e28       0x30 obj/SKYROVER/usb_mem.o
                0x08011e28                UserToPMABufferCopy
 .text.PMAToUserBufferCopy
                0x08011e58       0x24 obj/SKYROVER/usb_mem.o
                0x08011e58                PMAToUserBufferCopy
 .text.SetBTABLE
                0x08011e7c       0x10 obj/SKYROVER/usb_regs.o
                0x08011e7c                SetBTABLE
 .text.SetEPType
                0x08011e8c       0x1c obj/SKYROVER/usb_regs.o
                0x08011e8c                SetEPType
 .text.SetEPTxStatus
                0x08011ea8       0x32 obj/SKYROVER/usb_regs.o
                0x08011ea8                SetEPTxStatus
 .text.SetEPRxStatus
                0x08011eda       0x32 obj/SKYROVER/usb_regs.o
                0x08011eda                SetEPRxStatus
 .text.SetEPTxValid
                0x08011f0c       0x26 obj/SKYROVER/usb_regs.o
                0x08011f0c                SetEPTxValid
 .text.SetEPRxValid
                0x08011f32       0x26 obj/SKYROVER/usb_regs.o
                0x08011f32                SetEPRxValid
 .text.Clear_Status_Out
                0x08011f58       0x20 obj/SKYROVER/usb_regs.o
                0x08011f58                Clear_Status_Out
 .text.ClearDTOG_RX
                0x08011f78       0x26 obj/SKYROVER/usb_regs.o
                0x08011f78                ClearDTOG_RX
 .text.ClearDTOG_TX
                0x08011f9e       0x26 obj/SKYROVER/usb_regs.o
                0x08011f9e                ClearDTOG_TX
 .text.SetEPTxAddr
                0x08011fc4       0x20 obj/SKYROVER/usb_regs.o
                0x08011fc4                SetEPTxAddr
 .text.SetEPRxAddr
                0x08011fe4       0x20 obj/SKYROVER/usb_regs.o
                0x08011fe4                SetEPRxAddr
 .text.GetEPTxAddr
                0x08012004       0x20 obj/SKYROVER/usb_regs.o
                0x08012004                GetEPTxAddr
 .text.GetEPRxAddr
                0x08012024       0x20 obj/SKYROVER/usb_regs.o
                0x08012024                GetEPRxAddr
 .text.SetEPTxCount
                0x08012044       0x1c obj/SKYROVER/usb_regs.o
                0x08012044                SetEPTxCount
 .text.SetEPRxCount
                0x08012060       0x40 obj/SKYROVER/usb_regs.o
                0x08012060                SetEPRxCount
 .text.GetEPRxCount
                0x080120a0       0x20 obj/SKYROVER/usb_regs.o
                0x080120a0                GetEPRxCount
 .text.ByteSwap
                0x080120c0        0xa obj/SKYROVER/usb_regs.o
                0x080120c0                ByteSwap
 *fill*         0x080120ca        0x2 
 .text.USB_SIL_Init
                0x080120cc       0x20 obj/SKYROVER/usb_sil.o
                0x080120cc                USB_SIL_Init
 .text.USB_SIL_Read
                0x080120ec       0x24 obj/SKYROVER/usb_sil.o
                0x080120ec                USB_SIL_Read
 .text.IntToUnicode
                0x08012110       0x28 obj/SKYROVER/hw_config.o
 .text.USB_LP_CAN1_RX0_IRQHandler
                0x08012138        0x4 obj/SKYROVER/hw_config.o
                0x08012138                USB_LP_CAN1_RX0_IRQHandler
 .text.USBWakeUp_IRQHandler
                0x0801213c        0x8 obj/SKYROVER/hw_config.o
                0x0801213c                USBWakeUp_IRQHandler
 .text.Set_System
                0x08012144       0x50 obj/SKYROVER/hw_config.o
                0x08012144                Set_System
 .text.Set_USBClock
                0x08012194       0x16 obj/SKYROVER/hw_config.o
                0x08012194                Set_USBClock
 .text.USB_Interrupts_Config
                0x080121aa       0x3c obj/SKYROVER/hw_config.o
                0x080121aa                USB_Interrupts_Config
 *fill*         0x080121e6        0x2 
 .text.USB_Cable_Config
                0x080121e8       0x1c obj/SKYROVER/hw_config.o
                0x080121e8                USB_Cable_Config
 .text.USB_To_USART_Send_Data
                0x08012204       0x38 obj/SKYROVER/hw_config.o
                0x08012204                USB_To_USART_Send_Data
 .text.Handle_USBAsynchXfer
                0x0801223c       0x94 obj/SKYROVER/hw_config.o
                0x0801223c                Handle_USBAsynchXfer
 .text.USB_Send_Data
                0x080122d0       0x30 obj/SKYROVER/hw_config.o
                0x080122d0                USB_Send_Data
 .text.Get_SerialNum
                0x08012300       0x38 obj/SKYROVER/hw_config.o
                0x08012300                Get_SerialNum
 .text.EP1_IN_Callback
                0x08012338       0x68 obj/SKYROVER/usb_endp.o
                0x08012338                EP1_IN_Callback
 .text.EP3_OUT_Callback
                0x080123a0       0x74 obj/SKYROVER/usb_endp.o
                0x080123a0                EP3_OUT_Callback
 .text.SOF_Callback
                0x08012414       0x2c obj/SKYROVER/usb_endp.o
                0x08012414                SOF_Callback
 .text.USB_Istr
                0x08012440       0x70 obj/SKYROVER/usb_istr.o
                0x08012440                USB_Istr
 .text.Virtual_Com_Port_SetConfiguration
                0x080124b0       0x18 obj/SKYROVER/usb_prop.o
                0x080124b0                Virtual_Com_Port_SetConfiguration
 .text.Virtual_Com_Port_SetDeviceAddress
                0x080124c8        0xc obj/SKYROVER/usb_prop.o
                0x080124c8                Virtual_Com_Port_SetDeviceAddress
 .text.Virtual_Com_Port_Status_In
                0x080124d4       0x14 obj/SKYROVER/usb_prop.o
                0x080124d4                Virtual_Com_Port_Status_In
 .text.Virtual_Com_Port_Status_Out
                0x080124e8        0x2 obj/SKYROVER/usb_prop.o
                0x080124e8                Virtual_Com_Port_Status_Out
 *fill*         0x080124ea        0x2 
 .text.Virtual_Com_Port_Data_Setup
                0x080124ec       0x5c obj/SKYROVER/usb_prop.o
                0x080124ec                Virtual_Com_Port_Data_Setup
 .text.Virtual_Com_Port_NoData_Setup
                0x08012548       0x38 obj/SKYROVER/usb_prop.o
                0x08012548                Virtual_Com_Port_NoData_Setup
 .text.Virtual_Com_Port_Get_Interface_Setting
                0x08012580       0x10 obj/SKYROVER/usb_prop.o
                0x08012580                Virtual_Com_Port_Get_Interface_Setting
 .text.Virtual_Com_Port_GetLineCoding
                0x08012590       0x18 obj/SKYROVER/usb_prop.o
                0x08012590                Virtual_Com_Port_GetLineCoding
 .text.Virtual_Com_Port_SetLineCoding
                0x080125a8       0x18 obj/SKYROVER/usb_prop.o
                0x080125a8                Virtual_Com_Port_SetLineCoding
 .text.Virtual_Com_Port_init
                0x080125c0       0x24 obj/SKYROVER/usb_prop.o
                0x080125c0                Virtual_Com_Port_init
 .text.Virtual_Com_Port_Reset
                0x080125e4       0xe0 obj/SKYROVER/usb_prop.o
                0x080125e4                Virtual_Com_Port_Reset
 .text.Virtual_Com_Port_GetDeviceDescriptor
                0x080126c4        0xc obj/SKYROVER/usb_prop.o
                0x080126c4                Virtual_Com_Port_GetDeviceDescriptor
 .text.Virtual_Com_Port_GetConfigDescriptor
                0x080126d0        0xc obj/SKYROVER/usb_prop.o
                0x080126d0                Virtual_Com_Port_GetConfigDescriptor
 .text.Virtual_Com_Port_GetStringDescriptor
                0x080126dc       0x20 obj/SKYROVER/usb_prop.o
                0x080126dc                Virtual_Com_Port_GetStringDescriptor
 .text.PowerOn  0x080126fc       0x30 obj/SKYROVER/usb_pwr.o
                0x080126fc                PowerOn
 .text.thread_lcd_show_goboot
                0x0801272c        0xc obj/SKYROVER/thread_lcd.o
                0x0801272c                thread_lcd_show_goboot
 .text._draw_intro
                0x08012738       0x5c obj/SKYROVER/thread_lcd.o
                0x08012738                _draw_intro
 .text._draw_status
                0x08012794      0x184 obj/SKYROVER/thread_lcd.o
                0x08012794                _draw_status
 .text._draw_go_boot
                0x08012918       0x3c obj/SKYROVER/thread_lcd.o
                0x08012918                _draw_go_boot
 .text.thread_lcd
                0x08012954       0x94 obj/SKYROVER/thread_lcd.o
                0x08012954                thread_lcd
 .text.thread_main
                0x080129e8       0x90 obj/SKYROVER/thread_main.o
                0x080129e8                thread_main
 .text._menu_show_menu
                0x08012a78      0x11c obj/SKYROVER/thread_menu.o
 .text.cmd_go_bootloader
                0x08012b94       0x34 obj/SKYROVER/thread_menu.o
                0x08012b94                cmd_go_bootloader
 .text.cmd_bluetooth_setup
                0x08012bc8      0x118 obj/SKYROVER/thread_menu.o
                0x08012bc8                cmd_bluetooth_setup
 .text.cmd_bluetooth_check
                0x08012ce0       0xe4 obj/SKYROVER/thread_menu.o
                0x08012ce0                cmd_bluetooth_check
 .text.cmd_bluetooth_change_name
                0x08012dc4      0x11c obj/SKYROVER/thread_menu.o
                0x08012dc4                cmd_bluetooth_change_name
 .text.thread_menu
                0x08012ee0      0x164 obj/SKYROVER/thread_menu.o
                0x08012ee0                thread_menu
 .text.thread_mw
                0x08013044       0x34 obj/SKYROVER/thread_mw.o
                0x08013044                thread_mw
 .text.u8g_DrawHBitmap
                0x08013078       0x32 obj/SKYROVER/u8g_bitmap.o
                0x08013078                u8g_DrawHBitmap
 .text.u8g_DrawBitmap
                0x080130aa       0x44 obj/SKYROVER/u8g_bitmap.o
                0x080130aa                u8g_DrawBitmap
 .text.u8g_IsBBXIntersection
                0x080130ee       0x52 obj/SKYROVER/u8g_clip.o
                0x080130ee                u8g_IsBBXIntersection
 .text.u8g_InitCom
                0x08013140       0x10 obj/SKYROVER/u8g_com_api.o
                0x08013140                u8g_InitCom
 .text.u8g_SetChipSelect
                0x08013150       0x10 obj/SKYROVER/u8g_com_api.o
                0x08013150                u8g_SetChipSelect
 .text.u8g_SetResetLow
                0x08013160       0x12 obj/SKYROVER/u8g_com_api.o
                0x08013160                u8g_SetResetLow
 .text.u8g_SetResetHigh
                0x08013172       0x12 obj/SKYROVER/u8g_com_api.o
                0x08013172                u8g_SetResetHigh
 .text.u8g_SetAddress
                0x08013184       0x10 obj/SKYROVER/u8g_com_api.o
                0x08013184                u8g_SetAddress
 .text.u8g_WriteByte
                0x08013194       0x10 obj/SKYROVER/u8g_com_api.o
                0x08013194                u8g_WriteByte
 .text.u8g_WriteSequence
                0x080131a4        0xe obj/SKYROVER/u8g_com_api.o
                0x080131a4                u8g_WriteSequence
 .text.u8g_WriteEscSeqP
                0x080131b2       0x94 obj/SKYROVER/u8g_com_api.o
                0x080131b2                u8g_WriteEscSeqP
 .text.u8g_com_null_fn
                0x08013246        0x4 obj/SKYROVER/u8g_com_null.o
                0x08013246                u8g_com_null_fn
 *fill*         0x0801324a        0x2 
 .text.u8g_dev_ssd1306_128x64_fn
                0x0801324c       0xa4 obj/SKYROVER/u8g_dev_ssd1306_128x64.o
                0x0801324c                u8g_dev_ssd1306_128x64_fn
 .text.u8g_font_get_word
                0x080132f0        0xe obj/SKYROVER/u8g_font.o
 .text.u8g_font_calc_vref_font
                0x080132fe        0x4 obj/SKYROVER/u8g_font.o
                0x080132fe                u8g_font_calc_vref_font
 .text.u8g_font_calc_vref_top
                0x08013302        0xa obj/SKYROVER/u8g_font.o
                0x08013302                u8g_font_calc_vref_top
 .text.u8g_font_GetFormat.isra.0
                0x0801330c        0x2 obj/SKYROVER/u8g_font.o
 .text.u8g_font_GetFontGlyphStructureSize.isra.1
                0x0801330e       0x14 obj/SKYROVER/u8g_font.o
 .text.u8g_font_GetEncoding65Pos
                0x08013322        0x6 obj/SKYROVER/u8g_font.o
                0x08013322                u8g_font_GetEncoding65Pos
 .text.u8g_font_GetEncoding97Pos
                0x08013328        0x6 obj/SKYROVER/u8g_font.o
                0x08013328                u8g_font_GetEncoding97Pos
 .text.u8g_font_GetFontStartEncoding
                0x0801332e        0x4 obj/SKYROVER/u8g_font.o
                0x0801332e                u8g_font_GetFontStartEncoding
 .text.u8g_font_GetFontEndEncoding
                0x08013332        0x4 obj/SKYROVER/u8g_font.o
                0x08013332                u8g_font_GetFontEndEncoding
 .text.u8g_GetGlyph
                0x08013336       0xe2 obj/SKYROVER/u8g_font.o
                0x08013336                u8g_GetGlyph
 .text.u8g_draw_glyph
                0x08013418       0xb2 obj/SKYROVER/u8g_font.o
                0x08013418                u8g_draw_glyph
 .text.u8g_DrawStr
                0x080134ca       0x3a obj/SKYROVER/u8g_font.o
                0x080134ca                u8g_DrawStr
 .text.u8g_UpdateRefHeight
                0x08013504       0x50 obj/SKYROVER/u8g_font.o
                0x08013504                u8g_UpdateRefHeight
 .text.u8g_SetFontPosBaseline
                0x08013554        0xc obj/SKYROVER/u8g_font.o
                0x08013554                u8g_SetFontPosBaseline
 .text.u8g_SetFontPosTop
                0x08013560        0xc obj/SKYROVER/u8g_font.o
                0x08013560                u8g_SetFontPosTop
 .text.u8g_GetStrWidth
                0x0801356c       0x20 obj/SKYROVER/u8g_font.o
                0x0801356c                u8g_GetStrWidth
 .text.u8g_SetFont
                0x0801358c       0x1c obj/SKYROVER/u8g_font.o
                0x0801358c                u8g_SetFont
 .text.u8g_call_dev_fn
                0x080135a8        0xc obj/SKYROVER/u8g_ll_api.o
                0x080135a8                u8g_call_dev_fn
 .text.u8g_InitLL
                0x080135b4       0x2a obj/SKYROVER/u8g_ll_api.o
                0x080135b4                u8g_InitLL
 .text.u8g_FirstPageLL
                0x080135de       0x36 obj/SKYROVER/u8g_ll_api.o
                0x080135de                u8g_FirstPageLL
 .text.u8g_NextPageLL
                0x08013614       0x3a obj/SKYROVER/u8g_ll_api.o
                0x08013614                u8g_NextPageLL
 .text.u8g_GetWidthLL
                0x0801364e       0x16 obj/SKYROVER/u8g_ll_api.o
                0x0801364e                u8g_GetWidthLL
 .text.u8g_GetHeightLL
                0x08013664       0x16 obj/SKYROVER/u8g_ll_api.o
                0x08013664                u8g_GetHeightLL
 .text.u8g_GetModeLL
                0x0801367a        0x8 obj/SKYROVER/u8g_ll_api.o
                0x0801367a                u8g_GetModeLL
 .text.u8g_UpdateDimension
                0x08013682       0x32 obj/SKYROVER/u8g_ll_api.o
                0x08013682                u8g_UpdateDimension
 .text.u8g_Begin
                0x080136b4       0x16 obj/SKYROVER/u8g_ll_api.o
                0x080136b4                u8g_Begin
 *fill*         0x080136ca        0x2 
 .text.u8g_InitComFn
                0x080136cc       0x54 obj/SKYROVER/u8g_ll_api.o
                0x080136cc                u8g_InitComFn
 .text.u8g_FirstPage
                0x08013720        0x6 obj/SKYROVER/u8g_ll_api.o
                0x08013720                u8g_FirstPage
 .text.u8g_NextPage
                0x08013726       0x16 obj/SKYROVER/u8g_ll_api.o
                0x08013726                u8g_NextPage
 .text.u8g_Draw8Pixel
                0x0801373c       0x26 obj/SKYROVER/u8g_ll_api.o
                0x0801373c                u8g_Draw8Pixel
 .text.u8g_SetColorIndex
                0x08013762        0x6 obj/SKYROVER/u8g_ll_api.o
                0x08013762                u8g_SetColorIndex
 .text.u8g_page_First
                0x08013768        0xe obj/SKYROVER/u8g_page.o
                0x08013768                u8g_page_First
 .text.u8g_page_Next
                0x08013776       0x32 obj/SKYROVER/u8g_page.o
                0x08013776                u8g_page_Next
 .text.u8g_pb_Clear
                0x080137a8       0x12 obj/SKYROVER/u8g_pb.o